INFO  []                      Main 259  | Running in batch mode
INFO  []                 Languages 138  | Installed OCR languages: eng,kor
INFO  []             AliasPatterns 146  | Alias patterns: [(IMSLP[0-9]*)-.*]
INFO  []                      Main 194  | Submitting 1 task(s) in sequence:
    Input "/tmp/aud_in/isaiah61_god-so-loved_3.png"
INFO  [isaiah61_god-so-loved_3]                      Book 560  | 1 sheet in /tmp/aud_in/isaiah61_god-so-loved_3.png
INFO  []                      Book 2565 | Stored /book.xml
INFO  []                      Book 2525 | Book stored as /kaggle/working/out/audiveris/B/isaiah61_god-so-loved_3.omr
INFO  []                      Book 1929 | Book reaching PAGE on sheets:[#1]
INFO  [isaiah61_god-so-loved_3]            StepMonitoring 98   | LOAD
INFO  [isaiah61_god-so-loved_3]                 SheetStub 1278 | Loaded image #1 1932x2730 from /tmp/aud_in/isaiah61_god-so-loved_3.png
INFO  [isaiah61_god-so-loved_3]                 ImageUtil 152  | Converting max RGB to gray
INFO  [isaiah61_god-so-loved_3]            StepMonitoring 98   | BINARY
INFO  [isaiah61_god-so-loved_3]            StepMonitoring 98   | SCALE
INFO  [isaiah61_god-so-loved_3]              ScaleBuilder 254  | Beam  guessed height: 10 -- 0.25 of [8..15] range
INFO  [isaiah61_god-so-loved_3]              ScaleBuilder 271  | Beam measured height: 10 -- 0.29 of [8..15] range at 649% of needed quorum
INFO  [isaiah61_god-so-loved_3]              ScaleBuilder 401  | Normalized black jitter: 11.76 %
INFO  [isaiah61_god-so-loved_3]                 ScaleStep 65   | Scale{ interline(16,17,17) line(4,4,6) beam(10)}
INFO  [isaiah61_god-so-loved_3]            StepMonitoring 98   | GRID
INFO  [isaiah61_god-so-loved_3]            LinesRetriever 1508 | Global slope: 0.00000
INFO  [isaiah61_god-so-loved_3]         ClustersRetriever 326  | Retrieved raw line clusters: 7 of sizes [5] with interline(16,17,17)
INFO  [isaiah61_god-so-loved_3]                 PeakGraph 310  | Systems: #1[1] #2[2] #3[3] #4[4] #5[5] #6[6] #7[7]
INFO  [isaiah61_god-so-loved_3]             SystemManager 800  | 1 part along 7 systems
INFO  [isaiah61_god-so-loved_3]                      Book 543  | Created scores: [{Score 1}]
INFO  [isaiah61_god-so-loved_3]            StepMonitoring 98   | HEADERS
INFO  [isaiah61_god-so-loved_3]            StepMonitoring 98   | STEM_SEEDS
INFO  [isaiah61_god-so-loved_3]             StemSeedsStep 86   | stem(4 max:5)
INFO  [isaiah61_god-so-loved_3]            StepMonitoring 98   | BEAMS
INFO  [isaiah61_god-so-loved_3]            StepMonitoring 98   | LEDGERS
INFO  [isaiah61_god-so-loved_3]            StepMonitoring 98   | HEADS
INFO  [isaiah61_god-so-loved_3]             HeadSeedTally 235  | Scale information: HeadSeeds{NOTEHEAD_VOID[L:-0.7,R:-1.4] NOTEHEAD_BLACK[L:-0.7,R:-1.4]}
INFO  [isaiah61_god-so-loved_3]            StepMonitoring 98   | STEMS
INFO  [isaiah61_god-so-loved_3]            StepMonitoring 98   | REDUCTION
INFO  [isaiah61_god-so-loved_3]             ReductionStep 105  | Stems free length median value: 59 pixels, 3.5 interlines
INFO  [isaiah61_god-so-loved_3]            StepMonitoring 98   | CUE_BEAMS
INFO  [isaiah61_god-so-loved_3]              CueBeamsStep 81   | Step CUE_BEAMS is skipped because small heads switch is off
INFO  [isaiah61_god-so-loved_3]            StepMonitoring 98   | TEXTS
Error opening data file /tmp/tessdata/chi_tra.traineddata
Please make sure the TESSDATA_PREFIX environment variable is set to your "tessdata" directory.
Failed loading language 'chi_tra'
Estimating resolution as 429
INFO  [isaiah61_god-so-loved_3]            StepMonitoring 98   | MEASURES
INFO  [isaiah61_god-so-loved_3]                      Page 307  | 20 raw measures: [3 in system#1, 4 in system#2, 2 in system#3, 3 in system#4, 2 in system#5, 3 in system#6, 3 in system#7]
INFO  [isaiah61_god-so-loved_3]            StepMonitoring 98   | CHORDS
INFO  [isaiah61_god-so-loved_3]            StepMonitoring 98   | CURVES
INFO  [isaiah61_god-so-loved_3]              SlursBuilder 240  | Slurs: 37
INFO  [isaiah61_god-so-loved_3]           SegmentsBuilder 155  | Segments: 20
INFO  [isaiah61_god-so-loved_3]            StepMonitoring 98   | SYMBOLS
INFO  [isaiah61_god-so-loved_3]            StepMonitoring 98   | LINKS
INFO  [isaiah61_god-so-loved_3]             SymbolsLinker 258  | No chord linked to OctaveShiftInter#4972{(0.214) staff:3 QUINDICESIMA ALTA} at java.awt.Point[x=826,y=962]
INFO  [isaiah61_god-so-loved_3]             SymbolsLinker 258  | No chord linked to OctaveShiftInter#5162{(0.182) staff:6 QUINDICESIMA ALTA} at java.awt.Point[x=1076,y=1865]
INFO  [isaiah61_god-so-loved_3]                  KeyInter 1331 | Key built KeyInter#5236{(0.162) staff:6 KEY_SHARP_1 pitch:-3.7 fifths:1}
INFO  [isaiah61_god-so-loved_3]            StepMonitoring 98   | RHYTHMS
INFO  [isaiah61_god-so-loved_3]            StepMonitoring 98   | PAGE
WARN  [isaiah61_god-so-loved_3]              MeasureFixer 343  | System#1 No target duration for measures local IDs [1, 2, 3], please check time signatures
WARN  [isaiah61_god-so-loved_3]              MeasureFixer 343  | System#2 No target duration for measures local IDs [4, 5, 6, 7], please check time signatures
WARN  [isaiah61_god-so-loved_3]              MeasureFixer 343  | System#3 No target duration for measures local IDs [8, 9], please check time signatures
WARN  [isaiah61_god-so-loved_3]              MeasureFixer 343  | System#4 No target duration for measures local IDs [10, 11, 12], please check time signatures
WARN  [isaiah61_god-so-loved_3]              MeasureFixer 343  | System#5 No target duration for measures local IDs [13, 14], please check time signatures
WARN  [isaiah61_god-so-loved_3]              MeasureFixer 343  | System#6 No target duration for measures local IDs [15, 16, 17], please check time signatures
WARN  [isaiah61_god-so-loved_3]              MeasureFixer 343  | System#7 No target duration for measures local IDs [18, 19, 20], please check time signatures
INFO  [isaiah61_god-so-loved_3]                      Book 2584 | Book{isaiah61_god-so-loved_3} storing
INFO  [isaiah61_god-so-loved_3]                      Book 2565 | Stored /book.xml
INFO  [isaiah61_god-so-loved_3]                DataHolder 348  | Stored /sheet#1/BINARY.png
INFO  [isaiah61_god-so-loved_3]                     Sheet 1583 | Stored /sheet#1/sheet#1.xml
INFO  [isaiah61_god-so-loved_3]                      Book 2525 | Book stored as /kaggle/working/out/audiveris/B/isaiah61_god-so-loved_3.omr
INFO  [isaiah61_god-so-loved_3]                 SheetStub 1655 | Sheet disposed
INFO  [isaiah61_god-so-loved_3]                      Book 2050 | End of Stub#1
INFO  [isaiah61_god-so-loved_3]                      Book 2057 | End of Book{isaiah61_god-so-loved_3}
INFO  [isaiah61_god-so-loved_3]                 SheetStub 1000 | Loaded /sheet#1/sheet#1.xml
INFO  [isaiah61_god-so-loved_3]           PartwiseBuilder 2707 | Exporting sheet(s): [#1]
INFO  [isaiah61_god-so-loved_3]             ScoreExporter 164  | Score isaiah61_god-so-loved_3 exported to /kaggle/working/out/audiveris/B/isaiah61_god-so-loved_3.mxl
INFO  [isaiah61_god-so-loved_3]                     Score 181  | Closing {Score 1}
