INFO  []                      Main 259  | Running in batch mode
INFO  []                 Languages 138  | Installed OCR languages: eng,kor
INFO  []             AliasPatterns 146  | Alias patterns: [(IMSLP[0-9]*)-.*]
INFO  []                      Main 194  | Submitting 1 task(s) in sequence:
    Input "/tmp/aud_in/isaiah61_god-so-loved_1.png"
INFO  [isaiah61_god-so-loved_1]                      Book 560  | 1 sheet in /tmp/aud_in/isaiah61_god-so-loved_1.png
INFO  []                      Book 2565 | Stored /book.xml
INFO  []                      Book 2525 | Book stored as /kaggle/working/out/audiveris/B/isaiah61_god-so-loved_1.omr
INFO  []                      Book 1929 | Book reaching PAGE on sheets:[#1]
INFO  [isaiah61_god-so-loved_1]            StepMonitoring 98   | LOAD
INFO  [isaiah61_god-so-loved_1]                 SheetStub 1278 | Loaded image #1 1932x2730 from /tmp/aud_in/isaiah61_god-so-loved_1.png
INFO  [isaiah61_god-so-loved_1]                 ImageUtil 152  | Converting max RGB to gray
INFO  [isaiah61_god-so-loved_1]            StepMonitoring 98   | BINARY
INFO  [isaiah61_god-so-loved_1]            StepMonitoring 98   | SCALE
INFO  [isaiah61_god-so-loved_1]              ScaleBuilder 254  | Beam  guessed height:  8 -- 0.25 of [6..12] range
INFO  [isaiah61_god-so-loved_1]              ScaleBuilder 271  | Beam measured height:  8 -- 0.33 of [6..12] range at 589% of needed quorum
INFO  [isaiah61_god-so-loved_1]              ScaleBuilder 401  | Normalized black jitter: 23.08 %
INFO  [isaiah61_god-so-loved_1]                 ScaleStep 65   | Scale{ interline(11,13,14) line(3,4,6) beam(8)}
INFO  [isaiah61_god-so-loved_1]            StepMonitoring 98   | GRID
INFO  [isaiah61_god-so-loved_1]            LinesRetriever 1508 | Global slope: 0.00047
INFO  [isaiah61_god-so-loved_1]         ClustersRetriever 326  | Retrieved raw line clusters: 7 of sizes [5] with interline(11,13,14)
INFO  [isaiah61_god-so-loved_1]                 PeakGraph 310  | Systems: #1[1] #2[2] #3[3] #4[4] #5[5] #6[6] #7[7]
INFO  [isaiah61_god-so-loved_1]             SystemManager 134  | Indentation detected for system #7
INFO  [isaiah61_god-so-loved_1]             SystemManager 744  | 2 pages found in sheet
INFO  [isaiah61_god-so-loved_1]             SystemManager 800  | Page #1: 1 part along 6 systems
INFO  [isaiah61_god-so-loved_1]             SystemManager 800  | Page #2: 1 part along 1 system
INFO  [isaiah61_god-so-loved_1]                      Book 543  | Created scores: [{Score 1}, {Score 2}]
INFO  [isaiah61_god-so-loved_1]            StepMonitoring 98   | HEADERS
WARN  [isaiah61_god-so-loved_1]               ClefBuilder 658  | Staff#7 no recognized header clef.
INFO  [isaiah61_god-so-loved_1]            StepMonitoring 98   | STEM_SEEDS
INFO  [isaiah61_god-so-loved_1]             StemSeedsStep 86   | stem(4 max:5)
INFO  [isaiah61_god-so-loved_1]            StepMonitoring 98   | BEAMS
INFO  [isaiah61_god-so-loved_1]            StepMonitoring 98   | LEDGERS
INFO  [isaiah61_god-so-loved_1]            StepMonitoring 98   | HEADS
INFO  [isaiah61_god-so-loved_1]             HeadSeedTally 235  | Scale information: HeadSeeds{NOTEHEAD_VOID[L:-0.1,R:-1.1] NOTEHEAD_BLACK[L:-0.6,R:-0.6]}
INFO  [isaiah61_god-so-loved_1]            StepMonitoring 98   | STEMS
INFO  [isaiah61_god-so-loved_1]            StepMonitoring 98   | REDUCTION
INFO  [isaiah61_god-so-loved_1]             ReductionStep 105  | Stems free length median value: 46 pixels, 3.5 interlines
INFO  [isaiah61_god-so-loved_1]            StepMonitoring 98   | CUE_BEAMS
INFO  [isaiah61_god-so-loved_1]              CueBeamsStep 81   | Step CUE_BEAMS is skipped because small heads switch is off
INFO  [isaiah61_god-so-loved_1]            StepMonitoring 98   | TEXTS
Error opening data file /tmp/tessdata/chi_tra.traineddata
Please make sure the TESSDATA_PREFIX environment variable is set to your "tessdata" directory.
Failed loading language 'chi_tra'
Estimating resolution as 387
Detected 39 diacritics
INFO  [isaiah61_god-so-loved_1]            StepMonitoring 98   | MEASURES
INFO  [isaiah61_god-so-loved_1]                      Page 307  | 28 raw measures: [5 in system#1, 4 in system#2, 5 in system#3, 4 in system#4, 5 in system#5, 5 in system#6]
INFO  [isaiah61_god-so-loved_1]                      Page 307  | 5 raw measures: [5 in system#7]
INFO  [isaiah61_god-so-loved_1]            StepMonitoring 98   | CHORDS
INFO  [isaiah61_god-so-loved_1]            StepMonitoring 98   | CURVES
INFO  [isaiah61_god-so-loved_1]              SlursBuilder 240  | Slurs: 72
INFO  [isaiah61_god-so-loved_1]           SegmentsBuilder 155  | Segments: 90
INFO  [isaiah61_god-so-loved_1]            StepMonitoring 98   | SYMBOLS
INFO  [isaiah61_god-so-loved_1]            StepMonitoring 98   | LINKS
INFO  [isaiah61_god-so-loved_1]             SentenceInter 483  | No chord below ChordNameInter#10596{(0.753) staff:1 TEXT "C" font:B-31 root:C ChordKind{MAJOR}}
INFO  [isaiah61_god-so-loved_1]             SymbolsLinker 258  | No chord linked to OctaveShiftInter#13418{(0.122) staff:5 QUINDICESIMA BASSA} at java.awt.Point[x=583,y=1688]
INFO  [isaiah61_god-so-loved_1]            StepMonitoring 98   | RHYTHMS
INFO  [isaiah61_god-so-loved_1]             MeasureRhythm 1044 | Measure{#4} No timeOffset for HeadChordInter#10967{(0.948/0.948) staff:1 slot#9 dur:1/16}
INFO  [isaiah61_god-so-loved_1]                     Voice 257  | Measure{#4} Voice{#1 excess:1/16} too long
INFO  [isaiah61_god-so-loved_1]               StackRhythm 224  | S1 MeasureStack#4 no correct rhythm
INFO  [isaiah61_god-so-loved_1]             MeasureRhythm 1044 | Measure{#6} No timeOffset for HeadChordInter#10982{(0.881/0.881) staff:2 slot#12 dur:1/6}
INFO  [isaiah61_god-so-loved_1]                     Voice 257  | Measure{#6} Voice{#1 excess:7/48} too long
INFO  [isaiah61_god-so-loved_1]               StackRhythm 224  | S2 MeasureStack#6 no correct rhythm
INFO  [isaiah61_god-so-loved_1]                     Voice 257  | Measure{#7} Voice{#1 excess:1/8} too long
INFO  [isaiah61_god-so-loved_1]               StackRhythm 224  | S2 MeasureStack#7 no correct rhythm
INFO  [isaiah61_god-so-loved_1]                     Voice 257  | Measure{#8} Voice{#1 excess:1/16} too long
INFO  [isaiah61_god-so-loved_1]               StackRhythm 224  | S2 MeasureStack#8 no correct rhythm
INFO  [isaiah61_god-so-loved_1]             MeasureRhythm 1044 | Measure{#9} No timeOffset for RestChordInter#13189{(0.715/0.715) staff:2 slot#10 dur:1/16}
INFO  [isaiah61_god-so-loved_1]               StackRhythm 224  | S2 MeasureStack#9 no correct rhythm
INFO  [isaiah61_god-so-loved_1]             MeasureRhythm 1044 | Measure{#11} No timeOffset for HeadChordInter#11016{(0.951/0.951) staff:3 slot#5 dur:1/4}
INFO  [isaiah61_god-so-loved_1]        AbstractChordInter 635  | Measure{#11} No timeOffset for HeadChordInter#11016{(0.951/0.951) staff:3 slot#5 dur:1/4}
INFO  [isaiah61_god-so-loved_1]        AbstractChordInter 635  | Measure{#11} No timeOffset for HeadChordInter#11017{(0.904/0.904) staff:3 slot#6 dur:1/4}
INFO  [isaiah61_god-so-loved_1]        AbstractChordInter 635  | Measure{#11} No timeOffset for HeadChordInter#11021{(0.941/0.941) staff:3 slot#10 dur:1/4}
INFO  [isaiah61_god-so-loved_1]        AbstractChordInter 635  | Measure{#11} No timeOffset for HeadChordInter#11054{(0.534/0.534) staff:3 slot#10 dur:1}
INFO  [isaiah61_god-so-loved_1]               StackRhythm 224  | S3 MeasureStack#11 no correct rhythm
INFO  [isaiah61_god-so-loved_1]             MeasureRhythm 1044 | Measure{#12} No timeOffset for RestChordInter#13299{(0.630/0.630) staff:3 slot#9 dur:1/8}
INFO  [isaiah61_god-so-loved_1]        AbstractChordInter 635  | Measure{#12} No timeOffset for RestChordInter#13299{(0.630/0.630) staff:3 slot#9 dur:1/8}
INFO  [isaiah61_god-so-loved_1]                     Voice 257  | Measure{#12} Voice{#1 excess:1/4} too long
INFO  [isaiah61_god-so-loved_1]               StackRhythm 224  | S3 MeasureStack#12 no correct rhythm
INFO  [isaiah61_god-so-loved_1]             MeasureRhythm 1044 | Measure{#13} No timeOffset for RestChordInter#13301{(0.649/0.649) staff:3 slot#11 dur:1/16}
INFO  [isaiah61_god-so-loved_1]        AbstractChordInter 635  | Measure{#13} No timeOffset for RestChordInter#13301{(0.649/0.649) staff:3 slot#11 dur:1/16}
INFO  [isaiah61_god-so-loved_1]               StackRhythm 224  | S3 MeasureStack#13 no correct rhythm
INFO  [isaiah61_god-so-loved_1]             MeasureRhythm 1044 | Measure{#15} No timeOffset for HeadChordInter#11062{(0.924/0.924) staff:4 slot#8 dur:1/4}
INFO  [isaiah61_god-so-loved_1]        AbstractChordInter 635  | Measure{#15} No timeOffset for HeadChordInter#11062{(0.924/0.924) staff:4 slot#8 dur:1/4}
INFO  [isaiah61_god-so-loved_1]        AbstractChordInter 635  | Measure{#15} No timeOffset for HeadChordInter#11063{(0.908/0.908) staff:4 slot#9 dur:1/4}
INFO  [isaiah61_god-so-loved_1]        AbstractChordInter 635  | Measure{#15} No timeOffset for HeadChordInter#11067{(0.934/0.934) staff:4 slot#13 dur:1/4}
INFO  [isaiah61_god-so-loved_1]                     Voice 257  | Measure{#15} Voice{#1 excess:1/8} too long
INFO  [isaiah61_god-so-loved_1]               StackRhythm 224  | S4 MeasureStack#15 no correct rhythm
INFO  [isaiah61_god-so-loved_1]                     Voice 257  | Measure{#20} Voice{#1 excess:1/4} too long
INFO  [isaiah61_god-so-loved_1]               StackRhythm 224  | S5 MeasureStack#20 no correct rhythm
INFO  [isaiah61_god-so-loved_1]             MeasureRhythm 1044 | Measure{#22} No timeOffset for HeadChordInter#11131{(0.939/0.939) staff:5 slot#7 dur:1/8}
INFO  [isaiah61_god-so-loved_1]        AbstractChordInter 635  | Measure{#22} No timeOffset for HeadChordInter#11132{(0.936/0.936) staff:5 slot#8 dur:1/8}
INFO  [isaiah61_god-so-loved_1]        AbstractChordInter 635  | Measure{#22} No timeOffset for RestChordInter#13496{(0.673/0.673) staff:5 slot#9 dur:1/8}
INFO  [isaiah61_god-so-loved_1]               StackRhythm 224  | S5 MeasureStack#22 no correct rhythm
INFO  [isaiah61_god-so-loved_1]            StepMonitoring 98   | PAGE
INFO  [isaiah61_god-so-loved_1]                     Voice 257  | Measure{#4} Voice{#1 excess:1/16} too long
INFO  [isaiah61_god-so-loved_1]                     Voice 257  | Measure{#6} Voice{#1 excess:7/48} too long
INFO  [isaiah61_god-so-loved_1]                     Voice 257  | Measure{#7} Voice{#2 excess:1/8} too long
INFO  [isaiah61_god-so-loved_1]                     Voice 257  | Measure{#8} Voice{#2 excess:1/16} too long
INFO  [isaiah61_god-so-loved_1]                     Voice 257  | Measure{#12} Voice{#1 excess:1/4} too long
INFO  [isaiah61_god-so-loved_1]                     Voice 257  | Measure{#15} Voice{#1 excess:1/8} too long
INFO  [isaiah61_god-so-loved_1]                     Voice 257  | Measure{#20} Voice{#1 excess:1/4} too long
WARN  [isaiah61_god-so-loved_1]              MeasureFixer 343  | System#7 No target duration for measures local IDs [1, 2, 3, 4, 5], please check time signatures
INFO  [isaiah61_god-so-loved_1]                      Book 2584 | Book{isaiah61_god-so-loved_1} storing
INFO  [isaiah61_god-so-loved_1]                      Book 2565 | Stored /book.xml
INFO  [isaiah61_god-so-loved_1]                DataHolder 348  | Stored /sheet#1/BINARY.png
INFO  [isaiah61_god-so-loved_1]                     Sheet 1583 | Stored /sheet#1/sheet#1.xml
INFO  [isaiah61_god-so-loved_1]                      Book 2525 | Book stored as /kaggle/working/out/audiveris/B/isaiah61_god-so-loved_1.omr
INFO  [isaiah61_god-so-loved_1]                 SheetStub 1655 | Sheet disposed
INFO  [isaiah61_god-so-loved_1]                      Book 2050 | End of Stub#1
INFO  [isaiah61_god-so-loved_1]                      Book 2057 | End of Book{isaiah61_god-so-loved_1}
INFO  [isaiah61_god-so-loved_1]                 SheetStub 1000 | Loaded /sheet#1/sheet#1.xml
INFO  [isaiah61_god-so-loved_1]           PartwiseBuilder 2707 | Exporting sheet(s): [#1]
INFO  [isaiah61_god-so-loved_1]             ScoreExporter 164  | Score isaiah61_god-so-loved_1.mvt1 exported to /kaggle/working/out/audiveris/B/isaiah61_god-so-loved_1.mvt1.mxl
INFO  [isaiah61_god-so-loved_1]           PartwiseBuilder 2707 | Exporting sheet(s): [#1]
INFO  [isaiah61_god-so-loved_1]             ScoreExporter 164  | Score isaiah61_god-so-loved_1.mvt2 exported to /kaggle/working/out/audiveris/B/isaiah61_god-so-loved_1.mvt2.mxl
INFO  [isaiah61_god-so-loved_1]                     Score 181  | Closing {Score 1}
INFO  [isaiah61_god-so-loved_1]                     Score 181  | Closing {Score 2}
