INFO  []                      Main 259  | Running in batch mode
INFO  []                 Languages 138  | Installed OCR languages: eng,kor
INFO  []             AliasPatterns 146  | Alias patterns: [(IMSLP[0-9]*)-.*]
INFO  []                      Main 194  | Submitting 1 task(s) in sequence:
    Input "/tmp/aud_in/a00_lowres.png"
INFO  [a00_lowres]                      Book 560  | 1 sheet in /tmp/aud_in/a00_lowres.png
INFO  []                      Book 2565 | Stored /book.xml
INFO  []                      Book 2525 | Book stored as /kaggle/working/out/audiveris/A/a00_lowres.omr
INFO  []                      Book 1929 | Book reaching PAGE on sheets:[#1]
INFO  [a00_lowres]            StepMonitoring 98   | LOAD
INFO  [a00_lowres]                 SheetStub 1278 | Loaded image #1 1800x2546 from /tmp/aud_in/a00_lowres.png
INFO  [a00_lowres]                 ImageUtil 152  | Converting max RGB to gray
INFO  [a00_lowres]            StepMonitoring 98   | BINARY
INFO  [a00_lowres]            StepMonitoring 98   | SCALE
INFO  [a00_lowres]              ScaleBuilder 254  | Beam  guessed height:  9 -- 0.25 of [7..14] range
INFO  [a00_lowres]              ScaleBuilder 271  | Beam measured height: 10 -- 0.43 of [7..14] range at 165% of needed quorum
INFO  [a00_lowres]              ScaleBuilder 401  | Normalized black jitter: 20.00 %
INFO  [a00_lowres]                 ScaleStep 65   | Scale{ interline(15,15,16) line(2,3,5) beam(10)}
INFO  [a00_lowres]            StepMonitoring 98   | GRID
INFO  [a00_lowres]            LinesRetriever 1508 | Global slope: 0.00000
INFO  [a00_lowres]         ClustersRetriever 326  | Retrieved raw line clusters: 7 of sizes [5] with interline(15,15,16)
INFO  [a00_lowres]                 PeakGraph 310  | Systems: #1[1] #2[2] #3[3] #4[4] #5[5] #6[6] #7[7]
INFO  [a00_lowres]             SystemManager 134  | Indentation detected for system #1
INFO  [a00_lowres]             SystemManager 800  | 1 part along 7 systems
INFO  [a00_lowres]                      Book 543  | Created scores: [{Score 1}]
INFO  [a00_lowres]            StepMonitoring 98   | HEADERS
INFO  [a00_lowres]            StepMonitoring 98   | STEM_SEEDS
INFO  [a00_lowres]             StemSeedsStep 86   | stem(5 max:6)
INFO  [a00_lowres]            StepMonitoring 98   | BEAMS
INFO  [a00_lowres]            StepMonitoring 98   | LEDGERS
INFO  [a00_lowres]            StepMonitoring 98   | HEADS
INFO  [a00_lowres]             HeadSeedTally 235  | Scale information: HeadSeeds{NOTEHEAD_VOID[R:-0.7] NOTEHEAD_BLACK[R:-0.8]}
INFO  [a00_lowres]            StepMonitoring 98   | STEMS
INFO  [a00_lowres]            StepMonitoring 98   | REDUCTION
INFO  [a00_lowres]             ReductionStep 105  | Stems free length median value: 55 pixels, 3.7 interlines
INFO  [a00_lowres]            StepMonitoring 98   | CUE_BEAMS
INFO  [a00_lowres]              CueBeamsStep 81   | Step CUE_BEAMS is skipped because small heads switch is off
INFO  [a00_lowres]            StepMonitoring 98   | TEXTS
Estimating resolution as 316
INFO  [a00_lowres]            StepMonitoring 98   | MEASURES
INFO  [a00_lowres]                      Page 307  | 40 raw measures: [4 in system#1, 6 in system#2, 5 in system#3, 7 in system#4, 6 in system#5, 6 in system#6, 6 in system#7]
INFO  [a00_lowres]            StepMonitoring 98   | CHORDS
INFO  [a00_lowres]            StepMonitoring 98   | CURVES
INFO  [a00_lowres]              SlursBuilder 240  | Slurs: 4
INFO  [a00_lowres]           SegmentsBuilder 155  | Segments: 2
INFO  [a00_lowres]            StepMonitoring 98   | SYMBOLS
INFO  [a00_lowres]            StepMonitoring 98   | LINKS
INFO  [a00_lowres]             SentenceInter 483  | No chord below ChordNameInter#3848{(0.739) staff:2 TEXT "C7" font:BS-32 root:C ChordKind{DOMINANT '7'}}
INFO  [a00_lowres]             SentenceInter 483  | No chord below ChordNameInter#4081{(0.735) staff:3 TEXT "C" font:BS-35 root:C ChordKind{MAJOR}}
INFO  [a00_lowres]             SentenceInter 483  | No chord below ChordNameInter#4085{(0.729) staff:3 TEXT "C" font:BS-34 root:C ChordKind{MAJOR}}
INFO  [a00_lowres]             SentenceInter 483  | No chord below ChordNameInter#4215{(0.738) staff:4 TEXT "G7" font:BS-33 root:G ChordKind{DOMINANT '7'}}
INFO  [a00_lowres]             SentenceInter 483  | No chord below ChordNameInter#4322{(0.751) staff:5 TEXT "C" font:BS-34 root:C ChordKind{MAJOR}}
INFO  [a00_lowres]             SentenceInter 483  | No chord below ChordNameInter#4324{(0.740) staff:5 TEXT "C7" font:BS-32 root:C ChordKind{DOMINANT '7'}}
INFO  [a00_lowres]             SentenceInter 483  | No chord below ChordNameInter#4326{(0.730) staff:5 TEXT "F" font:B-34 root:F ChordKind{MAJOR}}
INFO  [a00_lowres]             SentenceInter 483  | No chord below ChordNameInter#4433{(0.757) staff:6 TEXT "C" font:BS-35 root:C ChordKind{MAJOR}}
INFO  [a00_lowres]             SentenceInter 483  | No chord below ChordNameInter#4435{(0.757) staff:6 TEXT "C" font:BS-35 root:C ChordKind{MAJOR}}
INFO  [a00_lowres]             SentenceInter 483  | No chord below ChordNameInter#4523{(0.755) staff:7 TEXT "C" font:BS-34 root:C ChordKind{MAJOR}}
INFO  [a00_lowres]             SentenceInter 483  | No chord below ChordNameInter#4527{(0.729) staff:7 TEXT "C" font:BS-34 root:C ChordKind{MAJOR}}
INFO  [a00_lowres]            StepMonitoring 98   | RHYTHMS
INFO  [a00_lowres]             MeasureRhythm 1044 | Measure{#13} No timeOffset for HeadChordInter#4622{(0.522/0.522) staff:3 slot#6 dur:1/2}
INFO  [a00_lowres]               StackRhythm 224  | S3 MeasureStack#13 no correct rhythm
INFO  [a00_lowres]            StepMonitoring 98   | PAGE
INFO  [a00_lowres]                      Book 2584 | Book{a00_lowres} storing
INFO  [a00_lowres]                      Book 2565 | Stored /book.xml
INFO  [a00_lowres]                DataHolder 348  | Stored /sheet#1/BINARY.png
INFO  [a00_lowres]                     Sheet 1583 | Stored /sheet#1/sheet#1.xml
INFO  [a00_lowres]                      Book 2525 | Book stored as /kaggle/working/out/audiveris/A/a00_lowres.omr
INFO  [a00_lowres]                 SheetStub 1655 | Sheet disposed
INFO  [a00_lowres]                      Book 2050 | End of Stub#1
INFO  [a00_lowres]                      Book 2057 | End of Book{a00_lowres}
INFO  [a00_lowres]                 SheetStub 1000 | Loaded /sheet#1/sheet#1.xml
INFO  [a00_lowres]           PartwiseBuilder 2707 | Exporting sheet(s): [#1]
INFO  [a00_lowres]                      Part 351  | Sheet#1 System#1 Part#2{name:Electric Piano staves[1] configs:[5]} dummyPart id: 1
INFO  [a00_lowres]                      Part 351  | Sheet#1 System#2 Part#1{name:E.Pno staves[2] configs:[5]} dummyPart id: 2
INFO  [a00_lowres]                      Part 351  | Sheet#1 System#3 Part#1{name:E.Pno staves[3] configs:[5]} dummyPart id: 2
INFO  [a00_lowres]                      Part 351  | Sheet#1 System#4 Part#1{name:E.Pno staves[4] configs:[5]} dummyPart id: 2
INFO  [a00_lowres]                      Part 351  | Sheet#1 System#5 Part#1{name:E.Pno staves[5] configs:[5]} dummyPart id: 2
INFO  [a00_lowres]                      Part 351  | Sheet#1 System#6 Part#1{name:E.Pno staves[6] configs:[5]} dummyPart id: 2
INFO  [a00_lowres]                      Part 351  | Sheet#1 System#7 Part#1{name:E.Pno staves[7] configs:[5]} dummyPart id: 2
INFO  [a00_lowres]             ScoreExporter 164  | Score a00_lowres exported to /kaggle/working/out/audiveris/A/a00_lowres.mxl
INFO  [a00_lowres]                     Score 181  | Closing {Score 1}
