INFO  []                      Main 259  | Running in batch mode
INFO  []                 Languages 138  | Installed OCR languages: eng,kor
INFO  []             AliasPatterns 146  | Alias patterns: [(IMSLP[0-9]*)-.*]
INFO  []                      Main 194  | Submitting 1 task(s) in sequence:
    Input "/tmp/aud_in/a01_clean.png"
INFO  [a01_clean]                      Book 560  | 1 sheet in /tmp/aud_in/a01_clean.png
INFO  []                      Book 2565 | Stored /book.xml
INFO  []                      Book 2525 | Book stored as /kaggle/working/out/audiveris/A/a01_clean.omr
INFO  []                      Book 1929 | Book reaching PAGE on sheets:[#1]
INFO  [a01_clean]            StepMonitoring 98   | LOAD
INFO  [a01_clean]                 SheetStub 1278 | Loaded image #1 1650x2334 from /tmp/aud_in/a01_clean.png
INFO  [a01_clean]                 ImageUtil 152  | Converting max RGB to gray
INFO  [a01_clean]            StepMonitoring 98   | BINARY
INFO  [a01_clean]            StepMonitoring 98   | SCALE
INFO  [a01_clean]              ScaleBuilder 254  | Beam  guessed height:  8 -- 0.25 of [6..13] range
INFO  [a01_clean]              ScaleBuilder 271  | Beam measured height: 12 -- 0.86 of [6..13] range at 80% of needed quorum
WARN  [a01_clean]              ScaleBuilder 300  | No reliable beam height found, guessed value: 8
INFO  [a01_clean]              ScaleBuilder 401  | Normalized black jitter: 14.29 %
INFO  [a01_clean]                 ScaleStep 65   | Scale{ interline(14,14,15) line(1,2,3) beam(8 extra)}
INFO  [a01_clean]            StepMonitoring 98   | GRID
INFO  [a01_clean]            LinesRetriever 1508 | Global slope: 0.00000
INFO  [a01_clean]         ClustersRetriever 326  | Retrieved raw line clusters: 4 of sizes [5] with interline(14,14,15)
INFO  [a01_clean]                 PeakGraph 310  | Systems: #1[1] #2[2] #3[3] #4[4]
INFO  [a01_clean]             SystemManager 134  | Indentation detected for system #1
INFO  [a01_clean]             SystemManager 800  | 1 part along 4 systems
INFO  [a01_clean]                      Book 543  | Created scores: [{Score 1}]
INFO  [a01_clean]            StepMonitoring 98   | HEADERS
INFO  [a01_clean]            StepMonitoring 98   | STEM_SEEDS
INFO  [a01_clean]             StemSeedsStep 86   | stem(3 max:4)
INFO  [a01_clean]            StepMonitoring 98   | BEAMS
INFO  [a01_clean]            StepMonitoring 98   | LEDGERS
INFO  [a01_clean]            StepMonitoring 98   | HEADS
INFO  [a01_clean]             HeadSeedTally 235  | Scale information: HeadSeeds{NOTEHEAD_VOID[L:-0.1] NOTEHEAD_BLACK[L:0.7]}
INFO  [a01_clean]            StepMonitoring 98   | STEMS
INFO  [a01_clean]            StepMonitoring 98   | REDUCTION
INFO  [a01_clean]             ReductionStep 105  | Stems free length median value: 50 pixels, 3.6 interlines
INFO  [a01_clean]            StepMonitoring 98   | CUE_BEAMS
INFO  [a01_clean]              CueBeamsStep 81   | Step CUE_BEAMS is skipped because small heads switch is off
INFO  [a01_clean]            StepMonitoring 98   | TEXTS
Estimating resolution as 269
INFO  [a01_clean]            StepMonitoring 98   | MEASURES
INFO  [a01_clean]                      Page 307  | 32 raw measures: [9 in system#1, 10 in system#2, 10 in system#3, 3 in system#4]
INFO  [a01_clean]            StepMonitoring 98   | CHORDS
INFO  [a01_clean]            StepMonitoring 98   | CURVES
INFO  [a01_clean]              SlursBuilder 240  | Slurs: 3
INFO  [a01_clean]           SegmentsBuilder 155  | Segments: 1
INFO  [a01_clean]            StepMonitoring 98   | SYMBOLS
INFO  [a01_clean]            StepMonitoring 98   | LINKS
INFO  [a01_clean]            StepMonitoring 98   | RHYTHMS
INFO  [a01_clean]            StepMonitoring 98   | PAGE
INFO  [a01_clean]            SheetReduction 154  | Gutter. Different glyphs 1/2 DynamicsInter#2010{(0.355/0.650) DYNAMICS_FF} vs ChordNameInter#1578{(0.746/0.746) staff:2 TEXT "C7" font:S-32 root:C ChordKind{DOMINANT '7'}}
INFO  [a01_clean]            SheetReduction 154  | Gutter. Different glyphs 1/2 DynamicsInter#2020{(0.355/0.649) DYNAMICS_FF} vs ChordNameInter#1582{(0.746/0.746) staff:2 TEXT "C7" font:S-32 root:C ChordKind{DOMINANT '7'}}
INFO  [a01_clean]            SheetReduction 154  | Gutter. Different glyphs 3/4 DynamicsInter#2086{(0.355/0.641) DYNAMICS_FF} vs ChordNameInter#1807{(0.780/0.780) staff:4 TEXT "C7" font:S-32 root:C ChordKind{DOMINANT '7'}}
INFO  [a01_clean]                      Book 2584 | Book{a01_clean} storing
INFO  [a01_clean]                      Book 2565 | Stored /book.xml
INFO  [a01_clean]                DataHolder 348  | Stored /sheet#1/BINARY.png
INFO  [a01_clean]                     Sheet 1583 | Stored /sheet#1/sheet#1.xml
INFO  [a01_clean]                      Book 2525 | Book stored as /kaggle/working/out/audiveris/A/a01_clean.omr
INFO  [a01_clean]                 SheetStub 1655 | Sheet disposed
INFO  [a01_clean]                      Book 2050 | End of Stub#1
INFO  [a01_clean]                      Book 2057 | End of Book{a01_clean}
INFO  [a01_clean]                 SheetStub 1000 | Loaded /sheet#1/sheet#1.xml
INFO  [a01_clean]           PartwiseBuilder 2707 | Exporting sheet(s): [#1]
INFO  [a01_clean]                      Part 351  | Sheet#1 System#1 Part#2{name:Violin staves[1] configs:[5]} dummyPart id: 1
INFO  [a01_clean]                      Part 351  | Sheet#1 System#2 Part#1{name:Vln staves[2] configs:[5]} dummyPart id: 2
INFO  [a01_clean]                      Part 351  | Sheet#1 System#3 Part#1{name:Vln staves[3] configs:[5]} dummyPart id: 2
INFO  [a01_clean]                      Part 351  | Sheet#1 System#4 Part#1{name:Vln staves[4] configs:[5]} dummyPart id: 2
INFO  [a01_clean]             ScoreExporter 164  | Score a01_clean exported to /kaggle/working/out/audiveris/A/a01_clean.mxl
INFO  [a01_clean]                     Score 181  | Closing {Score 1}
