INFO  []                      Main 259  | Running in batch mode
INFO  []                 Languages 138  | Installed OCR languages: eng,kor
INFO  []             AliasPatterns 146  | Alias patterns: [(IMSLP[0-9]*)-.*]
INFO  []                      Main 194  | Submitting 1 task(s) in sequence:
    Input "/tmp/aud_in/a02_clean.png"
INFO  [a02_clean]                      Book 560  | 1 sheet in /tmp/aud_in/a02_clean.png
INFO  []                      Book 2565 | Stored /book.xml
INFO  []                      Book 2525 | Book stored as /kaggle/working/out/audiveris/A/a02_clean.omr
INFO  []                      Book 1929 | Book reaching PAGE on sheets:[#1]
INFO  [a02_clean]            StepMonitoring 98   | LOAD
INFO  [a02_clean]                 SheetStub 1278 | Loaded image #1 1650x2334 from /tmp/aud_in/a02_clean.png
INFO  [a02_clean]                 ImageUtil 152  | Converting max RGB to gray
INFO  [a02_clean]            StepMonitoring 98   | BINARY
INFO  [a02_clean]            StepMonitoring 98   | SCALE
INFO  [a02_clean]              ScaleBuilder 254  | Beam  guessed height:  8 -- 0.25 of [6..13] range
WARN  [a02_clean]              ScaleBuilder 300  | No reliable beam height found, guessed value: 8
INFO  [a02_clean]              ScaleBuilder 401  | Normalized black jitter: 14.29 %
INFO  [a02_clean]                 ScaleStep 65   | Scale{ interline(14,14,15) line(1,2,3) beam(8 extra)}
INFO  [a02_clean]            StepMonitoring 98   | GRID
INFO  [a02_clean]            LinesRetriever 1508 | Global slope: 0.00000
INFO  [a02_clean]         ClustersRetriever 326  | Retrieved raw line clusters: 6 of sizes [5] with interline(14,14,15)
INFO  [a02_clean]                 PeakGraph 310  | Systems: #1[1] #2[2] #3[3] #4[4] #5[5] #6[6]
INFO  [a02_clean]             SystemManager 134  | Indentation detected for system #1
INFO  [a02_clean]             SystemManager 800  | 1 part along 6 systems
INFO  [a02_clean]                      Book 543  | Created scores: [{Score 1}]
INFO  [a02_clean]            StepMonitoring 98   | HEADERS
INFO  [a02_clean]            StepMonitoring 98   | STEM_SEEDS
INFO  [a02_clean]             StemSeedsStep 86   | stem(3 max:4)
INFO  [a02_clean]            StepMonitoring 98   | BEAMS
INFO  [a02_clean]            StepMonitoring 98   | LEDGERS
INFO  [a02_clean]            StepMonitoring 98   | HEADS
INFO  [a02_clean]             HeadSeedTally 235  | Scale information: HeadSeeds{NOTEHEAD_BLACK[L:0.7,R:0.9]}
INFO  [a02_clean]            StepMonitoring 98   | STEMS
INFO  [a02_clean]            StepMonitoring 98   | REDUCTION
INFO  [a02_clean]             ReductionStep 105  | Stems free length median value: 50 pixels, 3.6 interlines
INFO  [a02_clean]            StepMonitoring 98   | CUE_BEAMS
INFO  [a02_clean]              CueBeamsStep 81   | Step CUE_BEAMS is skipped because small heads switch is off
INFO  [a02_clean]            StepMonitoring 98   | TEXTS
Estimating resolution as 270
INFO  [a02_clean]            StepMonitoring 98   | MEASURES
INFO  [a02_clean]                      Page 307  | 33 raw measures: [5 in system#1, 6 in system#2, 6 in system#3, 6 in system#4, 6 in system#5, 4 in system#6]
INFO  [a02_clean]            StepMonitoring 98   | CHORDS
INFO  [a02_clean]            StepMonitoring 98   | CURVES
INFO  [a02_clean]              SlursBuilder 240  | Slurs: 14
INFO  [a02_clean]           SegmentsBuilder 155  | Segments: 0
INFO  [a02_clean]            StepMonitoring 98   | SYMBOLS
INFO  [a02_clean]            StepMonitoring 98   | LINKS
INFO  [a02_clean]             SentenceInter 463  | No chord near SentenceInter#2945{(0.730) staff:1 mFont:S-48 Direction} Auld Lang Syne
INFO  [a02_clean]             SymbolsLinker 258  | No chord linked to OctaveShiftInter#3995{(0.535) staff:3 OTTAVA BASSA} at java.awt.Point[x=120,y=680]
INFO  [a02_clean]             SymbolsLinker 258  | No chord linked to OctaveShiftInter#4030{(0.535) staff:4 OTTAVA ALTA} at java.awt.Point[x=120,y=680]
INFO  [a02_clean]            StepMonitoring 98   | RHYTHMS
INFO  [a02_clean]            StepMonitoring 98   | PAGE
INFO  [a02_clean]            SheetReduction 154  | Gutter. Different glyphs 1/2 DynamicsInter#3933{(0.355/0.648) DYNAMICS_FF} vs ChordNameInter#3095{(0.749/0.749) staff:2 TEXT "C7" font:S-32 root:C ChordKind{DOMINANT '7'}}
INFO  [a02_clean]            SheetReduction 154  | Gutter. Different glyphs 1/2 DynamicsInter#3945{(0.355/0.643) DYNAMICS_FF} vs ChordNameInter#3106{(0.787/0.787) staff:2 TEXT "C7" font:S-32 root:C ChordKind{DOMINANT '7'}}
INFO  [a02_clean]            SheetReduction 154  | Gutter. Different glyphs 2/3 DynamicsInter#3969{(0.355/0.648) DYNAMICS_FF} vs ChordNameInter#3232{(0.780/0.780) staff:3 TEXT "C7" font:S-32 root:C ChordKind{DOMINANT '7'}}
INFO  [a02_clean]            SheetReduction 154  | Gutter. Different glyphs 3/4 DynamicsInter#3999{(0.355/0.644) DYNAMICS_FF} vs ChordNameInter#3381{(0.780/0.780) staff:4 TEXT "C7" font:S-32 root:C ChordKind{DOMINANT '7'}}
INFO  [a02_clean]            SheetReduction 154  | Gutter. Different glyphs 4/5 DynamicsInter#4041{(0.355/0.644) DYNAMICS_FF} vs ChordNameInter#3517{(0.780/0.780) staff:5 TEXT "C7" font:S-32 root:C ChordKind{DOMINANT '7'}}
INFO  [a02_clean]                      Book 2584 | Book{a02_clean} storing
INFO  [a02_clean]                      Book 2565 | Stored /book.xml
INFO  [a02_clean]                DataHolder 348  | Stored /sheet#1/BINARY.png
INFO  [a02_clean]                     Sheet 1583 | Stored /sheet#1/sheet#1.xml
INFO  [a02_clean]                      Book 2525 | Book stored as /kaggle/working/out/audiveris/A/a02_clean.omr
INFO  [a02_clean]                 SheetStub 1655 | Sheet disposed
INFO  [a02_clean]                      Book 2050 | End of Stub#1
INFO  [a02_clean]                      Book 2057 | End of Book{a02_clean}
INFO  [a02_clean]                 SheetStub 1000 | Loaded /sheet#1/sheet#1.xml
INFO  [a02_clean]           PartwiseBuilder 2707 | Exporting sheet(s): [#1]
INFO  [a02_clean]                      Part 351  | Sheet#1 System#1 Part#2{name:Violin staves[1] configs:[5]} dummyPart id: 1
INFO  [a02_clean]                      Part 351  | Sheet#1 System#2 Part#1{name:Vln staves[2] configs:[5]} dummyPart id: 2
INFO  [a02_clean]                      Part 351  | Sheet#1 System#3 Part#1{name:Vln staves[3] configs:[5]} dummyPart id: 2
INFO  [a02_clean]                      Part 351  | Sheet#1 System#4 Part#1{name:Vln staves[4] configs:[5]} dummyPart id: 2
INFO  [a02_clean]                      Part 351  | Sheet#1 System#5 Part#1{name:Vln staves[5] configs:[5]} dummyPart id: 2
INFO  [a02_clean]                      Part 351  | Sheet#1 System#6 Part#1{name:Vln staves[6] configs:[5]} dummyPart id: 2
INFO  [a02_clean]             ScoreExporter 164  | Score a02_clean exported to /kaggle/working/out/audiveris/A/a02_clean.mxl
INFO  [a02_clean]                     Score 181  | Closing {Score 1}
