INFO  []                      Main 259  | Running in batch mode
INFO  []                 Languages 138  | Installed OCR languages: eng,kor
INFO  []             AliasPatterns 146  | Alias patterns: [(IMSLP[0-9]*)-.*]
INFO  []                      Main 194  | Submitting 1 task(s) in sequence:
    Input "/tmp/aud_in/a02_lowres.png"
INFO  [a02_lowres]                      Book 560  | 1 sheet in /tmp/aud_in/a02_lowres.png
INFO  []                      Book 2565 | Stored /book.xml
INFO  []                      Book 2525 | Book stored as /kaggle/working/out/audiveris/A/a02_lowres.omr
INFO  []                      Book 1929 | Book reaching PAGE on sheets:[#1]
INFO  [a02_lowres]            StepMonitoring 98   | LOAD
INFO  [a02_lowres]                 SheetStub 1278 | Loaded image #1 1800x2546 from /tmp/aud_in/a02_lowres.png
INFO  [a02_lowres]                 ImageUtil 152  | Converting max RGB to gray
INFO  [a02_lowres]            StepMonitoring 98   | BINARY
INFO  [a02_lowres]            StepMonitoring 98   | SCALE
INFO  [a02_lowres]              ScaleBuilder 254  | Beam  guessed height:  9 -- 0.25 of [7..14] range
INFO  [a02_lowres]              ScaleBuilder 271  | Beam measured height: 13 -- 0.86 of [7..14] range at 74% of needed quorum
WARN  [a02_lowres]              ScaleBuilder 300  | No reliable beam height found, guessed value: 9
INFO  [a02_lowres]              ScaleBuilder 401  | Normalized black jitter: 20.00 %
INFO  [a02_lowres]                 ScaleStep 65   | Scale{ interline(15,15,16) line(2,3,5) beam(9 extra)}
INFO  [a02_lowres]            StepMonitoring 98   | GRID
INFO  [a02_lowres]            LinesRetriever 1508 | Global slope: 0.00000
INFO  [a02_lowres]         ClustersRetriever 326  | Retrieved raw line clusters: 6 of sizes [5] with interline(15,15,16)
INFO  [a02_lowres]                 PeakGraph 310  | Systems: #1[1] #2[2] #3[3] #4[4] #5[5] #6[6]
INFO  [a02_lowres]             SystemManager 134  | Indentation detected for system #1
INFO  [a02_lowres]             SystemManager 800  | 1 part along 6 systems
INFO  [a02_lowres]                      Book 543  | Created scores: [{Score 1}]
INFO  [a02_lowres]            StepMonitoring 98   | HEADERS
INFO  [a02_lowres]            StepMonitoring 98   | STEM_SEEDS
INFO  [a02_lowres]             StemSeedsStep 86   | stem(4 max:6)
INFO  [a02_lowres]            StepMonitoring 98   | BEAMS
INFO  [a02_lowres]            StepMonitoring 98   | LEDGERS
INFO  [a02_lowres]            StepMonitoring 98   | HEADS
INFO  [a02_lowres]             HeadSeedTally 235  | Scale information: HeadSeeds{NOTEHEAD_BLACK[L:-0.7,R:-0.8]}
INFO  [a02_lowres]            StepMonitoring 98   | STEMS
INFO  [a02_lowres]            StepMonitoring 98   | REDUCTION
INFO  [a02_lowres]             ReductionStep 105  | Stems free length median value: 55 pixels, 3.7 interlines
INFO  [a02_lowres]            StepMonitoring 98   | CUE_BEAMS
INFO  [a02_lowres]              CueBeamsStep 81   | Step CUE_BEAMS is skipped because small heads switch is off
INFO  [a02_lowres]            StepMonitoring 98   | TEXTS
Estimating resolution as 320
INFO  [a02_lowres]            StepMonitoring 98   | MEASURES
INFO  [a02_lowres]                      Page 307  | 33 raw measures: [5 in system#1, 6 in system#2, 6 in system#3, 6 in system#4, 6 in system#5, 4 in system#6]
INFO  [a02_lowres]            StepMonitoring 98   | CHORDS
INFO  [a02_lowres]            StepMonitoring 98   | CURVES
INFO  [a02_lowres]              SlursBuilder 240  | Slurs: 14
INFO  [a02_lowres]           SegmentsBuilder 155  | Segments: 1
INFO  [a02_lowres]            StepMonitoring 98   | SYMBOLS
INFO  [a02_lowres]            StepMonitoring 98   | LINKS
INFO  [a02_lowres]             SentenceInter 463  | No chord near SentenceInter#3018{(0.720) staff:1 mFont:BS-47 Direction} Auld Lang Syne
INFO  [a02_lowres]             SymbolsLinker 258  | No chord linked to OctaveShiftInter#4127{(0.187) staff:3 OTTAVA BASSA} at java.awt.Point[x=131,y=741]
INFO  [a02_lowres]             SymbolsLinker 258  | No chord linked to OctaveShiftInter#4168{(0.187) staff:4 OTTAVA ALTA} at java.awt.Point[x=131,y=741]
INFO  [a02_lowres]            StepMonitoring 98   | RHYTHMS
INFO  [a02_lowres]            StepMonitoring 98   | PAGE
INFO  [a02_lowres]            SheetReduction 154  | Gutter. Different glyphs 1/2 DynamicsInter#4075{(0.242/0.518) DYNAMICS_FF} vs ChordNameInter#3167{(0.725/0.725) staff:2 TEXT "C7" font:BS-32 root:C ChordKind{DOMINANT '7'}}
INFO  [a02_lowres]            SheetReduction 154  | Gutter. Different glyphs 2/3 DynamicsInter#4107{(0.356/0.651) DYNAMICS_FF} vs ChordNameInter#3298{(0.743/0.743) staff:3 TEXT "C7" font:BS-33 root:C ChordKind{DOMINANT '7'}}
INFO  [a02_lowres]                      Book 2584 | Book{a02_lowres} storing
INFO  [a02_lowres]                      Book 2565 | Stored /book.xml
INFO  [a02_lowres]                DataHolder 348  | Stored /sheet#1/BINARY.png
INFO  [a02_lowres]                     Sheet 1583 | Stored /sheet#1/sheet#1.xml
INFO  [a02_lowres]                      Book 2525 | Book stored as /kaggle/working/out/audiveris/A/a02_lowres.omr
INFO  [a02_lowres]                 SheetStub 1655 | Sheet disposed
INFO  [a02_lowres]                      Book 2050 | End of Stub#1
INFO  [a02_lowres]                      Book 2057 | End of Book{a02_lowres}
INFO  [a02_lowres]                 SheetStub 1000 | Loaded /sheet#1/sheet#1.xml
INFO  [a02_lowres]           PartwiseBuilder 2707 | Exporting sheet(s): [#1]
INFO  [a02_lowres]                      Part 351  | Sheet#1 System#1 Part#2{name:Violin staves[1] configs:[5]} dummyPart id: 1
INFO  [a02_lowres]                      Part 351  | Sheet#1 System#2 Part#1{name:Vln staves[2] configs:[5]} dummyPart id: 2
INFO  [a02_lowres]                      Part 351  | Sheet#1 System#3 Part#1{name:Vln staves[3] configs:[5]} dummyPart id: 2
INFO  [a02_lowres]                      Part 351  | Sheet#1 System#4 Part#1{name:Vln staves[4] configs:[5]} dummyPart id: 2
INFO  [a02_lowres]                      Part 351  | Sheet#1 System#5 Part#1{name:Vln staves[5] configs:[5]} dummyPart id: 2
INFO  [a02_lowres]                      Part 351  | Sheet#1 System#6 Part#1{name:Vln staves[6] configs:[5]} dummyPart id: 2
INFO  [a02_lowres]             ScoreExporter 164  | Score a02_lowres exported to /kaggle/working/out/audiveris/A/a02_lowres.mxl
INFO  [a02_lowres]                     Score 181  | Closing {Score 1}
