INFO  []                      Main 259  | Running in batch mode
INFO  []                 Languages 138  | Installed OCR languages: eng,kor
INFO  []             AliasPatterns 146  | Alias patterns: [(IMSLP[0-9]*)-.*]
INFO  []                      Main 194  | Submitting 1 task(s) in sequence:
    Input "/tmp/aud_in/a03_lowres.png"
INFO  [a03_lowres]                      Book 560  | 1 sheet in /tmp/aud_in/a03_lowres.png
INFO  []                      Book 2565 | Stored /book.xml
INFO  []                      Book 2525 | Book stored as /kaggle/working/out/audiveris/A/a03_lowres.omr
INFO  []                      Book 1929 | Book reaching PAGE on sheets:[#1]
INFO  [a03_lowres]            StepMonitoring 98   | LOAD
INFO  [a03_lowres]                 SheetStub 1278 | Loaded image #1 1800x2546 from /tmp/aud_in/a03_lowres.png
INFO  [a03_lowres]                 ImageUtil 152  | Converting max RGB to gray
INFO  [a03_lowres]            StepMonitoring 98   | BINARY
INFO  [a03_lowres]            StepMonitoring 98   | SCALE
INFO  [a03_lowres]              ScaleBuilder 254  | Beam  guessed height:  9 -- 0.25 of [7..14] range
INFO  [a03_lowres]              ScaleBuilder 271  | Beam measured height:  8 -- 0.14 of [7..14] range at 140% of needed quorum
INFO  [a03_lowres]              ScaleBuilder 401  | Normalized black jitter: 20.00 %
INFO  [a03_lowres]                 ScaleStep 65   | Scale{ interline(15,15,16) line(2,3,5) beam(8)}
INFO  [a03_lowres]            StepMonitoring 98   | GRID
INFO  [a03_lowres]            LinesRetriever 1508 | Global slope: 0.00000
INFO  [a03_lowres]         ClustersRetriever 851  | Destroying spurious Cluster#C747{interline(15,15,16) size:5 fil#747@0 fil#750@1 fil#760@2 fil#769@3 fil#774@4}
INFO  [a03_lowres]         ClustersRetriever 326  | Retrieved raw line clusters: 4 of sizes [5] with interline(15,15,16)
INFO  [a03_lowres]                 PeakGraph 310  | Systems: #1[1] #2[2] #3[3] #4[4]
INFO  [a03_lowres]             SystemManager 134  | Indentation detected for system #1
INFO  [a03_lowres]             SystemManager 800  | 1 part along 4 systems
INFO  [a03_lowres]                      Book 543  | Created scores: [{Score 1}]
INFO  [a03_lowres]            StepMonitoring 98   | HEADERS
INFO  [a03_lowres]            StepMonitoring 98   | STEM_SEEDS
INFO  [a03_lowres]             StemSeedsStep 86   | stem(4 max:6)
INFO  [a03_lowres]            StepMonitoring 98   | BEAMS
INFO  [a03_lowres]            StepMonitoring 98   | LEDGERS
INFO  [a03_lowres]            StepMonitoring 98   | HEADS
INFO  [a03_lowres]             HeadSeedTally 235  | Scale information: HeadSeeds{NOTEHEAD_VOID[L:0.5] NOTEHEAD_BLACK[L:0.9]}
INFO  [a03_lowres]            StepMonitoring 98   | STEMS
INFO  [a03_lowres]            StepMonitoring 98   | REDUCTION
INFO  [a03_lowres]             ReductionStep 105  | Stems free length median value: 55 pixels, 3.7 interlines
INFO  [a03_lowres]            StepMonitoring 98   | CUE_BEAMS
INFO  [a03_lowres]              CueBeamsStep 81   | Step CUE_BEAMS is skipped because small heads switch is off
INFO  [a03_lowres]            StepMonitoring 98   | TEXTS
Estimating resolution as 320
Detected 13 diacritics
INFO  [a03_lowres]            StepMonitoring 98   | MEASURES
INFO  [a03_lowres]                      Page 307  | 31 raw measures: [6 in system#1, 8 in system#2, 8 in system#3, 9 in system#4]
INFO  [a03_lowres]            StepMonitoring 98   | CHORDS
INFO  [a03_lowres]            StepMonitoring 98   | CURVES
INFO  [a03_lowres]              SlursBuilder 240  | Slurs: 2
INFO  [a03_lowres]           SegmentsBuilder 155  | Segments: 15
INFO  [a03_lowres]            StepMonitoring 98   | SYMBOLS
INFO  [a03_lowres]            StepMonitoring 98   | LINKS
INFO  [a03_lowres]             SymbolsLinker 258  | No chord linked to OctaveShiftInter#2432{(0.231) staff:3 QUINDICESIMA ALTA} at java.awt.Point[x=1542,y=492]
INFO  [a03_lowres]            StepMonitoring 98   | RHYTHMS
INFO  [a03_lowres]            StepMonitoring 98   | PAGE
INFO  [a03_lowres]            SheetReduction 154  | Gutter. Different glyphs 1/2 ArticulationInter#2119{(0.730/0.877) STACCATO} vs DynamicsInter#2201{(0.405/0.612) DYNAMICS_F}
INFO  [a03_lowres]                      Book 2584 | Book{a03_lowres} storing
INFO  [a03_lowres]                      Book 2565 | Stored /book.xml
INFO  [a03_lowres]                DataHolder 348  | Stored /sheet#1/BINARY.png
INFO  [a03_lowres]                     Sheet 1583 | Stored /sheet#1/sheet#1.xml
INFO  [a03_lowres]                      Book 2525 | Book stored as /kaggle/working/out/audiveris/A/a03_lowres.omr
INFO  [a03_lowres]                 SheetStub 1655 | Sheet disposed
INFO  [a03_lowres]                      Book 2050 | End of Stub#1
INFO  [a03_lowres]                      Book 2057 | End of Book{a03_lowres}
INFO  [a03_lowres]                 SheetStub 1000 | Loaded /sheet#1/sheet#1.xml
INFO  [a03_lowres]           PartwiseBuilder 2707 | Exporting sheet(s): [#1]
INFO  [a03_lowres]                      Part 351  | Sheet#1 System#1 Part#2{name:Electric Piano staves[1] configs:[5]} dummyPart id: 1
INFO  [a03_lowres]                      Part 351  | Sheet#1 System#3 Part#2{ staves[3] configs:[5]} dummyPart id: 1
INFO  [a03_lowres]                      Part 351  | Sheet#1 System#4 Part#2{ staves[4] configs:[5]} dummyPart id: 1
INFO  [a03_lowres]                      Part 351  | Sheet#1 System#2 Part#1{name:E.Pno staves[2] configs:[5]} dummyPart id: 2
INFO  [a03_lowres]             ScoreExporter 164  | Score a03_lowres exported to /kaggle/working/out/audiveris/A/a03_lowres.mxl
INFO  [a03_lowres]                     Score 181  | Closing {Score 1}
