INFO  []                      Main 259  | Running in batch mode
INFO  []                 Languages 138  | Installed OCR languages: eng,kor
INFO  []             AliasPatterns 146  | Alias patterns: [(IMSLP[0-9]*)-.*]
INFO  []                      Main 194  | Submitting 1 task(s) in sequence:
    Input "/tmp/aud_in/a04_lowres.png"
INFO  [a04_lowres]                      Book 560  | 1 sheet in /tmp/aud_in/a04_lowres.png
INFO  []                      Book 2565 | Stored /book.xml
INFO  []                      Book 2525 | Book stored as /kaggle/working/out/audiveris/A/a04_lowres.omr
INFO  []                      Book 1929 | Book reaching PAGE on sheets:[#1]
INFO  [a04_lowres]            StepMonitoring 98   | LOAD
INFO  [a04_lowres]                 SheetStub 1278 | Loaded image #1 1800x2546 from /tmp/aud_in/a04_lowres.png
INFO  [a04_lowres]                 ImageUtil 152  | Converting max RGB to gray
INFO  [a04_lowres]            StepMonitoring 98   | BINARY
INFO  [a04_lowres]            StepMonitoring 98   | SCALE
INFO  [a04_lowres]              ScaleBuilder 254  | Beam  guessed height:  9 -- 0.25 of [7..14] range
INFO  [a04_lowres]              ScaleBuilder 271  | Beam measured height: 10 -- 0.43 of [7..14] range at 382% of needed quorum
INFO  [a04_lowres]              ScaleBuilder 401  | Normalized black jitter: 20.00 %
INFO  [a04_lowres]                 ScaleStep 65   | Scale{ interline(15,15,16) line(2,3,5) beam(10)}
INFO  [a04_lowres]            StepMonitoring 98   | GRID
INFO  [a04_lowres]            LinesRetriever 1508 | Global slope: 0.00000
INFO  [a04_lowres]         ClustersRetriever 326  | Retrieved raw line clusters: 7 of sizes [5] with interline(15,15,16)
INFO  [a04_lowres]                 PeakGraph 310  | Systems: #1[1] #2[2] #3[3] #4[4] #5[5] #6[6] #7[7]
INFO  [a04_lowres]             SystemManager 800  | 1 part along 7 systems
INFO  [a04_lowres]                      Book 543  | Created scores: [{Score 1}]
INFO  [a04_lowres]            StepMonitoring 98   | HEADERS
INFO  [a04_lowres]            StepMonitoring 98   | STEM_SEEDS
INFO  [a04_lowres]             StemSeedsStep 86   | stem(4 max:6)
INFO  [a04_lowres]            StepMonitoring 98   | BEAMS
INFO  [a04_lowres]            StepMonitoring 98   | LEDGERS
INFO  [a04_lowres]            StepMonitoring 98   | HEADS
INFO  [a04_lowres]             HeadSeedTally 235  | Scale information: HeadSeeds{NOTEHEAD_VOID[R:-0.7] NOTEHEAD_BLACK[L:-0.7,R:-0.7]}
INFO  [a04_lowres]            StepMonitoring 98   | STEMS
INFO  [a04_lowres]            StepMonitoring 98   | REDUCTION
INFO  [a04_lowres]             ReductionStep 105  | Stems free length median value: 55 pixels, 3.7 interlines
INFO  [a04_lowres]            StepMonitoring 98   | CUE_BEAMS
INFO  [a04_lowres]              CueBeamsStep 81   | Step CUE_BEAMS is skipped because small heads switch is off
INFO  [a04_lowres]            StepMonitoring 98   | TEXTS
Estimating resolution as 320
INFO  [a04_lowres]            StepMonitoring 98   | MEASURES
INFO  [a04_lowres]                      Page 307  | 31 raw measures: [4 in system#1, 5 in system#2, 4 in system#3, 4 in system#4, 5 in system#5, 5 in system#6, 4 in system#7]
INFO  [a04_lowres]            StepMonitoring 98   | CHORDS
INFO  [a04_lowres]            StepMonitoring 98   | CURVES
INFO  [a04_lowres]              SlursBuilder 240  | Slurs: 25
INFO  [a04_lowres]           SegmentsBuilder 155  | Segments: 16
INFO  [a04_lowres]            StepMonitoring 98   | SYMBOLS
INFO  [a04_lowres]            StepMonitoring 98   | LINKS
INFO  [a04_lowres]             SymbolsLinker 258  | No chord linked to OctaveShiftInter#5884{(0.234) staff:2 QUINDICESIMA BASSA} at java.awt.Point[x=275,y=480]
INFO  [a04_lowres]             SymbolsLinker 258  | No chord linked to OctaveShiftInter#5940{(0.144) staff:2 OTTAVA BASSA} at java.awt.Point[x=1721,y=480]
INFO  [a04_lowres]             SymbolsLinker 258  | No chord linked to OctaveShiftInter#5989{(0.144) staff:3 OTTAVA ALTA} at java.awt.Point[x=1721,y=480]
INFO  [a04_lowres]                  KeyInter 1198 | No effective key before AlterInter#6200{(0.798) staff:5 NATURAL pitch:4.0}
INFO  [a04_lowres]            StepMonitoring 98   | RHYTHMS
INFO  [a04_lowres]             MeasureRhythm 1044 | Measure{#17} No timeOffset for HeadChordInter#4989{(0.540/0.540) staff:4 slot#7 dur:1/2}
INFO  [a04_lowres]        AbstractChordInter 635  | Measure{#17} No timeOffset for HeadChordInter#4989{(0.540/0.540) staff:4 slot#7 dur:1/2}
INFO  [a04_lowres]        AbstractChordInter 635  | Measure{#17} No timeOffset for HeadChordInter#4990{(0.930/0.930) staff:4 slot#8 dur:1/8}
INFO  [a04_lowres]        AbstractChordInter 635  | Measure{#17} No timeOffset for HeadChordInter#4991{(0.947/0.947) staff:4 slot#9 dur:1/4}
INFO  [a04_lowres]        AbstractChordInter 635  | Measure{#17} No timeOffset for HeadChordInter#4992{(0.954/0.954) staff:4 slot#10 dur:1/8}
INFO  [a04_lowres]        AbstractChordInter 635  | Measure{#17} No timeOffset for RestChordInter#6114{(0.537/0.537) staff:4 slot#11 dur:1/2}
INFO  [a04_lowres]        AbstractChordInter 635  | Measure{#17} No timeOffset for HeadChordInter#4993{(0.952/0.952) staff:4 slot#12 dur:1/4}
INFO  [a04_lowres]               StackRhythm 224  | S4 MeasureStack#17 no correct rhythm
INFO  [a04_lowres]                     Voice 257  | Measure{#19} Voice{#1 excess:1/16} too long
INFO  [a04_lowres]               StackRhythm 224  | S5 MeasureStack#19 no correct rhythm
INFO  [a04_lowres]            StepMonitoring 98   | PAGE
INFO  [a04_lowres]            SheetReduction 154  | Gutter. Different glyphs 1/2 ArticulationInter#5859{(0.714/0.838) STACCATO} vs DynamicsInter#5929{(0.456/0.738) DYNAMICS_FF}
INFO  [a04_lowres]            SheetReduction 154  | Gutter. Different glyphs 4/5 ArticulationInter#6037{(0.770/0.875) STACCATO} vs RestInter#6153{ REMOVED(0.519/0.519) staff:5 ONE_16TH_REST pitch:-18.4}
INFO  [a04_lowres]                      Book 2584 | Book{a04_lowres} storing
INFO  [a04_lowres]                      Book 2565 | Stored /book.xml
INFO  [a04_lowres]                DataHolder 348  | Stored /sheet#1/BINARY.png
INFO  [a04_lowres]                     Sheet 1583 | Stored /sheet#1/sheet#1.xml
INFO  [a04_lowres]                      Book 2525 | Book stored as /kaggle/working/out/audiveris/A/a04_lowres.omr
INFO  [a04_lowres]                 SheetStub 1655 | Sheet disposed
INFO  [a04_lowres]                      Book 2050 | End of Stub#1
INFO  [a04_lowres]                      Book 2057 | End of Book{a04_lowres}
INFO  [a04_lowres]                 SheetStub 1000 | Loaded /sheet#1/sheet#1.xml
INFO  [a04_lowres]           PartwiseBuilder 2707 | Exporting sheet(s): [#1]
INFO  [a04_lowres]                      Part 351  | Sheet#1 System#1 Part#3{name:Piano staves[1] configs:[5]} dummyPart id: 1
INFO  [a04_lowres]                      Part 351  | Sheet#1 System#2 Part#3{ staves[2] configs:[5]} dummyPart id: 1
INFO  [a04_lowres]                      Part 351  | Sheet#1 System#3 Part#2{name:Pno.< staves[3] configs:[5]} dummyPart id: 1
INFO  [a04_lowres]                      Part 351  | Sheet#1 System#4 Part#2{name:Pno.< staves[4] configs:[5]} dummyPart id: 1
INFO  [a04_lowres]                      Part 351  | Sheet#1 System#6 Part#3{ staves[6] configs:[5]} dummyPart id: 1
INFO  [a04_lowres]                      Part 351  | Sheet#1 System#7 Part#3{ staves[7] configs:[5]} dummyPart id: 1
INFO  [a04_lowres]                      Part 351  | Sheet#1 System#1 Part#3{name:Piano staves[1] configs:[5]} dummyPart id: 2
INFO  [a04_lowres]                      Part 351  | Sheet#1 System#2 Part#3{ staves[2] configs:[5]} dummyPart id: 2
INFO  [a04_lowres]                      Part 351  | Sheet#1 System#5 Part#1{name:Pno. staves[5] configs:[5]} dummyPart id: 2
INFO  [a04_lowres]                      Part 351  | Sheet#1 System#6 Part#3{ staves[6] configs:[5]} dummyPart id: 2
INFO  [a04_lowres]                      Part 351  | Sheet#1 System#7 Part#3{ staves[7] configs:[5]} dummyPart id: 2
INFO  [a04_lowres]                      Part 351  | Sheet#1 System#3 Part#2{name:Pno.< staves[3] configs:[5]} dummyPart id: 3
INFO  [a04_lowres]                      Part 351  | Sheet#1 System#4 Part#2{name:Pno.< staves[4] configs:[5]} dummyPart id: 3
INFO  [a04_lowres]                      Part 351  | Sheet#1 System#5 Part#1{name:Pno. staves[5] configs:[5]} dummyPart id: 3
INFO  [a04_lowres]             ScoreExporter 164  | Score a04_lowres exported to /kaggle/working/out/audiveris/A/a04_lowres.mxl
INFO  [a04_lowres]                     Score 181  | Closing {Score 1}
