INFO  []                      Main 259  | Running in batch mode
INFO  []                 Languages 138  | Installed OCR languages: eng,kor
INFO  []             AliasPatterns 146  | Alias patterns: [(IMSLP[0-9]*)-.*]
INFO  []                      Main 194  | Submitting 1 task(s) in sequence:
    Input "/tmp/aud_in/a06_clean.png"
INFO  [a06_clean]                      Book 560  | 1 sheet in /tmp/aud_in/a06_clean.png
INFO  []                      Book 2565 | Stored /book.xml
INFO  []                      Book 2525 | Book stored as /kaggle/working/out/audiveris/A/a06_clean.omr
INFO  []                      Book 1929 | Book reaching PAGE on sheets:[#1]
INFO  [a06_clean]            StepMonitoring 98   | LOAD
INFO  [a06_clean]                 SheetStub 1278 | Loaded image #1 1650x2334 from /tmp/aud_in/a06_clean.png
INFO  [a06_clean]                 ImageUtil 152  | Converting max RGB to gray
INFO  [a06_clean]            StepMonitoring 98   | BINARY
INFO  [a06_clean]            StepMonitoring 98   | SCALE
INFO  [a06_clean]              ScaleBuilder 254  | Beam  guessed height:  8 -- 0.25 of [6..13] range
INFO  [a06_clean]              ScaleBuilder 271  | Beam measured height:  8 -- 0.29 of [6..13] range at 225% of needed quorum
INFO  [a06_clean]              ScaleBuilder 401  | Normalized black jitter: 14.29 %
INFO  [a06_clean]                 ScaleStep 65   | Scale{ interline(14,14,15) line(1,2,3) beam(8)}
INFO  [a06_clean]            StepMonitoring 98   | GRID
INFO  [a06_clean]            LinesRetriever 1508 | Global slope: 0.00000
INFO  [a06_clean]         ClustersRetriever 326  | Retrieved raw line clusters: 7 of sizes [5] with interline(14,14,15)
INFO  [a06_clean]                 PeakGraph 310  | Systems: #1[1] #2[2] #3[3] #4[4] #5[5] #6[6] #7[7]
INFO  [a06_clean]             SystemManager 800  | 1 part along 7 systems
INFO  [a06_clean]                      Book 543  | Created scores: [{Score 1}]
INFO  [a06_clean]            StepMonitoring 98   | HEADERS
INFO  [a06_clean]            StepMonitoring 98   | STEM_SEEDS
INFO  [a06_clean]             StemSeedsStep 86   | stem(3 max:4)
INFO  [a06_clean]            StepMonitoring 98   | BEAMS
INFO  [a06_clean]            StepMonitoring 98   | LEDGERS
INFO  [a06_clean]            StepMonitoring 98   | HEADS
INFO  [a06_clean]             HeadSeedTally 235  | Scale information: HeadSeeds{NOTEHEAD_VOID[R:0.5] NOTEHEAD_BLACK[L:1.1,R:0.9]}
INFO  [a06_clean]            StepMonitoring 98   | STEMS
INFO  [a06_clean]            StepMonitoring 98   | REDUCTION
INFO  [a06_clean]             ReductionStep 105  | Stems free length median value: 50 pixels, 3.6 interlines
INFO  [a06_clean]            StepMonitoring 98   | CUE_BEAMS
INFO  [a06_clean]              CueBeamsStep 81   | Step CUE_BEAMS is skipped because small heads switch is off
INFO  [a06_clean]            StepMonitoring 98   | TEXTS
Estimating resolution as 272
INFO  [a06_clean]            StepMonitoring 98   | MEASURES
INFO  [a06_clean]                      Page 307  | 34 raw measures: [5 in system#1, 5 in system#2, 6 in system#3, 5 in system#4, 5 in system#5, 5 in system#6, 3 in system#7]
INFO  [a06_clean]            StepMonitoring 98   | CHORDS
INFO  [a06_clean]            StepMonitoring 98   | CURVES
INFO  [a06_clean]              SlursBuilder 240  | Slurs: 18
INFO  [a06_clean]           SegmentsBuilder 155  | Segments: 12
INFO  [a06_clean]            StepMonitoring 98   | SYMBOLS
INFO  [a06_clean]            StepMonitoring 98   | LINKS
INFO  [a06_clean]            StepMonitoring 98   | RHYTHMS
INFO  [a06_clean]             MeasureRhythm 1044 | Measure{#22} No timeOffset for HeadChordInter#5315{(0.934/0.934) staff:5 slot#5 dur:1/4}
INFO  [a06_clean]               StackRhythm 224  | S5 MeasureStack#22 no correct rhythm
INFO  [a06_clean]            StepMonitoring 98   | PAGE
INFO  [a06_clean]            SheetReduction 154  | Gutter. Different glyphs 4/5 DynamicsInter#5656{(0.355/0.648) DYNAMICS_FF} vs ChordNameInter#4866{(0.746/0.746) staff:5 TEXT "C7" font:S-32 root:C ChordKind{DOMINANT '7'}}
INFO  [a06_clean]                      Book 2584 | Book{a06_clean} storing
INFO  [a06_clean]                      Book 2565 | Stored /book.xml
INFO  [a06_clean]                DataHolder 348  | Stored /sheet#1/BINARY.png
INFO  [a06_clean]                     Sheet 1583 | Stored /sheet#1/sheet#1.xml
INFO  [a06_clean]                      Book 2525 | Book stored as /kaggle/working/out/audiveris/A/a06_clean.omr
INFO  [a06_clean]                 SheetStub 1655 | Sheet disposed
INFO  [a06_clean]                      Book 2050 | End of Stub#1
INFO  [a06_clean]                      Book 2057 | End of Book{a06_clean}
INFO  [a06_clean]                 SheetStub 1000 | Loaded /sheet#1/sheet#1.xml
INFO  [a06_clean]           PartwiseBuilder 2707 | Exporting sheet(s): [#1]
INFO  [a06_clean]                      Part 351  | Sheet#1 System#1 Part#2{name:Piano staves[1] configs:[5]} dummyPart id: 1
INFO  [a06_clean]                      Part 351  | Sheet#1 System#2 Part#1{name:Pno staves[2] configs:[5]} dummyPart id: 2
INFO  [a06_clean]                      Part 351  | Sheet#1 System#3 Part#1{name:Pno staves[3] configs:[5]} dummyPart id: 2
INFO  [a06_clean]                      Part 351  | Sheet#1 System#4 Part#1{name:Pno staves[4] configs:[5]} dummyPart id: 2
INFO  [a06_clean]                      Part 351  | Sheet#1 System#5 Part#1{name:Pno staves[5] configs:[5]} dummyPart id: 2
INFO  [a06_clean]                      Part 351  | Sheet#1 System#6 Part#1{name:Pno staves[6] configs:[5]} dummyPart id: 2
INFO  [a06_clean]                      Part 351  | Sheet#1 System#7 Part#1{name:Pno staves[7] configs:[5]} dummyPart id: 2
INFO  [a06_clean]             ScoreExporter 164  | Score a06_clean exported to /kaggle/working/out/audiveris/A/a06_clean.mxl
INFO  [a06_clean]                     Score 181  | Closing {Score 1}
