INFO  []                      Main 259  | Running in batch mode
INFO  []                 Languages 138  | Installed OCR languages: eng,kor
INFO  []             AliasPatterns 146  | Alias patterns: [(IMSLP[0-9]*)-.*]
INFO  []                      Main 194  | Submitting 1 task(s) in sequence:
    Input "/tmp/aud_in/a07_lowres.png"
INFO  [a07_lowres]                      Book 560  | 1 sheet in /tmp/aud_in/a07_lowres.png
INFO  []                      Book 2565 | Stored /book.xml
INFO  []                      Book 2525 | Book stored as /kaggle/working/out/audiveris/A/a07_lowres.omr
INFO  []                      Book 1929 | Book reaching PAGE on sheets:[#1]
INFO  [a07_lowres]            StepMonitoring 98   | LOAD
INFO  [a07_lowres]                 SheetStub 1278 | Loaded image #1 1800x2546 from /tmp/aud_in/a07_lowres.png
INFO  [a07_lowres]                 ImageUtil 152  | Converting max RGB to gray
INFO  [a07_lowres]            StepMonitoring 98   | BINARY
INFO  [a07_lowres]            StepMonitoring 98   | SCALE
INFO  [a07_lowres]              ScaleBuilder 254  | Beam  guessed height:  9 -- 0.25 of [7..14] range
INFO  [a07_lowres]              ScaleBuilder 271  | Beam measured height: 10 -- 0.43 of [7..14] range at 308% of needed quorum
INFO  [a07_lowres]              ScaleBuilder 401  | Normalized black jitter: 20.00 %
INFO  [a07_lowres]                 ScaleStep 65   | Scale{ interline(15,15,16) line(2,3,5) beam(10)}
INFO  [a07_lowres]            StepMonitoring 98   | GRID
INFO  [a07_lowres]            LinesRetriever 1508 | Global slope: 0.00000
INFO  [a07_lowres]         ClustersRetriever 326  | Retrieved raw line clusters: 5 of sizes [5] with interline(15,15,16)
INFO  [a07_lowres]                 PeakGraph 310  | Systems: #1[1] #2[2] #3[3] #4[4] #5[5]
INFO  [a07_lowres]             SystemManager 134  | Indentation detected for system #1
INFO  [a07_lowres]             SystemManager 800  | 1 part along 5 systems
INFO  [a07_lowres]                      Book 543  | Created scores: [{Score 1}]
INFO  [a07_lowres]            StepMonitoring 98   | HEADERS
INFO  [a07_lowres]            StepMonitoring 98   | STEM_SEEDS
INFO  [a07_lowres]             StemSeedsStep 86   | stem(4 max:6)
INFO  [a07_lowres]            StepMonitoring 98   | BEAMS
INFO  [a07_lowres]            StepMonitoring 98   | LEDGERS
INFO  [a07_lowres]            StepMonitoring 98   | HEADS
INFO  [a07_lowres]             HeadSeedTally 235  | Scale information: HeadSeeds{NOTEHEAD_VOID[L:-0.9] NOTEHEAD_BLACK[L:-0.8,R:-0.8]}
INFO  [a07_lowres]            StepMonitoring 98   | STEMS
INFO  [a07_lowres]            StepMonitoring 98   | REDUCTION
INFO  [a07_lowres]             ReductionStep 105  | Stems free length median value: 55 pixels, 3.7 interlines
INFO  [a07_lowres]            StepMonitoring 98   | CUE_BEAMS
INFO  [a07_lowres]              CueBeamsStep 81   | Step CUE_BEAMS is skipped because small heads switch is off
INFO  [a07_lowres]            StepMonitoring 98   | TEXTS
Estimating resolution as 318
INFO  [a07_lowres]            StepMonitoring 98   | MEASURES
INFO  [a07_lowres]                      Page 307  | 29 raw measures: [4 in system#1, 7 in system#2, 5 in system#3, 7 in system#4, 6 in system#5]
INFO  [a07_lowres]            StepMonitoring 98   | CHORDS
INFO  [a07_lowres]            StepMonitoring 98   | CURVES
INFO  [a07_lowres]              SlursBuilder 240  | Slurs: 9
INFO  [a07_lowres]           SegmentsBuilder 155  | Segments: 6
INFO  [a07_lowres]            StepMonitoring 98   | SYMBOLS
INFO  [a07_lowres]            StepMonitoring 98   | LINKS
INFO  [a07_lowres]             SymbolsLinker 258  | No chord linked to OctaveShiftInter#3405{(0.215) staff:3 QUINDICESIMA ALTA} at java.awt.Point[x=956,y=558]
INFO  [a07_lowres]            StepMonitoring 98   | RHYTHMS
INFO  [a07_lowres]             MeasureRhythm 1044 | Measure{#16} No timeOffset for HeadChordInter#3001{(0.940/0.940) staff:3 slot#3 dur:1/8}
INFO  [a07_lowres]             MeasureRhythm 1044 | Measure{#16} No timeOffset for HeadChordInter#3000{(0.585/0.585) staff:3 slot#3 dur:1/2}
INFO  [a07_lowres]        AbstractChordInter 635  | Measure{#16} No timeOffset for HeadChordInter#3002{(0.955/0.955) staff:3 slot#4 dur:1/8}
INFO  [a07_lowres]        AbstractChordInter 635  | Measure{#16} No timeOffset for HeadChordInter#3000{(0.585/0.585) staff:3 slot#3 dur:1/2}
INFO  [a07_lowres]        AbstractChordInter 635  | Measure{#16} No timeOffset for HeadChordInter#3002{(0.955/0.955) staff:3 slot#4 dur:1/8}
INFO  [a07_lowres]        AbstractChordInter 635  | Measure{#16} No timeOffset for HeadChordInter#3004{(0.956/0.956) staff:3 slot#6 dur:1/8}
INFO  [a07_lowres]        AbstractChordInter 635  | Measure{#16} No timeOffset for HeadChordInter#3002{(0.955/0.955) staff:3 slot#4 dur:1/8}
INFO  [a07_lowres]        AbstractChordInter 635  | Measure{#16} No timeOffset for HeadChordInter#3006{(0.951/0.951) staff:3 slot#8 dur:1/8}
INFO  [a07_lowres]        AbstractChordInter 635  | Measure{#16} No timeOffset for HeadChordInter#3009{(0.951/0.951) staff:3 slot#10 dur:1/8}
INFO  [a07_lowres]        AbstractChordInter 635  | Measure{#16} No timeOffset for HeadChordInter#3007{(0.530/0.530) staff:3 slot#9 dur:1/2}
INFO  [a07_lowres]        AbstractChordInter 635  | Measure{#16} No timeOffset for HeadChordInter#3009{(0.951/0.951) staff:3 slot#10 dur:1/8}
INFO  [a07_lowres]        AbstractChordInter 635  | Measure{#16} No timeOffset for HeadChordInter#3011{(0.950/0.950) staff:3 slot#12 dur:1/8}
INFO  [a07_lowres]               StackRhythm 224  | S3 MeasureStack#16 no correct rhythm
INFO  [a07_lowres]             MeasureRhythm 1044 | Measure{#26} No timeOffset for HeadChordInter#3042{(0.944/0.944) staff:5 slot#2 dur:1/8}
INFO  [a07_lowres]             MeasureRhythm 1044 | Measure{#26} No timeOffset for HeadChordInter#3041{(0.536/0.536) staff:5 slot#2 dur:1/2}
INFO  [a07_lowres]        AbstractChordInter 635  | Measure{#26} No timeOffset for HeadChordInter#3043{(0.963/0.963) staff:5 slot#3 dur:1/8}
INFO  [a07_lowres]        AbstractChordInter 635  | Measure{#26} No timeOffset for HeadChordInter#3041{(0.536/0.536) staff:5 slot#2 dur:1/2}
INFO  [a07_lowres]        AbstractChordInter 635  | Measure{#26} No timeOffset for HeadChordInter#3043{(0.963/0.963) staff:5 slot#3 dur:1/8}
INFO  [a07_lowres]        AbstractChordInter 635  | Measure{#26} No timeOffset for HeadChordInter#3045{(0.960/0.960) staff:5 slot#5 dur:1/8}
INFO  [a07_lowres]               StackRhythm 224  | S5 MeasureStack#26 no correct rhythm
INFO  [a07_lowres]            StepMonitoring 98   | PAGE
INFO  [a07_lowres]                      Book 2584 | Book{a07_lowres} storing
INFO  [a07_lowres]                      Book 2565 | Stored /book.xml
INFO  [a07_lowres]                DataHolder 348  | Stored /sheet#1/BINARY.png
INFO  [a07_lowres]                     Sheet 1583 | Stored /sheet#1/sheet#1.xml
INFO  [a07_lowres]                      Book 2525 | Book stored as /kaggle/working/out/audiveris/A/a07_lowres.omr
INFO  [a07_lowres]                 SheetStub 1655 | Sheet disposed
INFO  [a07_lowres]                      Book 2050 | End of Stub#1
INFO  [a07_lowres]                      Book 2057 | End of Book{a07_lowres}
INFO  [a07_lowres]                 SheetStub 1000 | Loaded /sheet#1/sheet#1.xml
INFO  [a07_lowres]           PartwiseBuilder 2707 | Exporting sheet(s): [#1]
INFO  [a07_lowres]                      Part 351  | Sheet#1 System#1 Part#2{name:Electric Piano staves[1] configs:[5]} dummyPart id: 1
INFO  [a07_lowres]                      Part 351  | Sheet#1 System#2 Part#1{name:E.Pno staves[2] configs:[5]} dummyPart id: 2
INFO  [a07_lowres]                      Part 351  | Sheet#1 System#3 Part#1{name:E.Pno staves[3] configs:[5]} dummyPart id: 2
INFO  [a07_lowres]                      Part 351  | Sheet#1 System#4 Part#1{name:E.Pno staves[4] configs:[5]} dummyPart id: 2
INFO  [a07_lowres]                      Part 351  | Sheet#1 System#5 Part#1{name:E.Pno staves[5] configs:[5]} dummyPart id: 2
INFO  [a07_lowres]             ScoreExporter 164  | Score a07_lowres exported to /kaggle/working/out/audiveris/A/a07_lowres.mxl
INFO  [a07_lowres]                     Score 181  | Closing {Score 1}
