INFO  []                      Main 259  | Running in batch mode
INFO  []                 Languages 138  | Installed OCR languages: eng,kor
INFO  []             AliasPatterns 146  | Alias patterns: [(IMSLP[0-9]*)-.*]
INFO  []                      Main 194  | Submitting 1 task(s) in sequence:
    Input "/tmp/aud_in/a09_clean.png"
INFO  [a09_clean]                      Book 560  | 1 sheet in /tmp/aud_in/a09_clean.png
INFO  []                      Book 2565 | Stored /book.xml
INFO  []                      Book 2525 | Book stored as /kaggle/working/out/audiveris/A/a09_clean.omr
INFO  []                      Book 1929 | Book reaching PAGE on sheets:[#1]
INFO  [a09_clean]            StepMonitoring 98   | LOAD
INFO  [a09_clean]                 SheetStub 1278 | Loaded image #1 1650x2334 from /tmp/aud_in/a09_clean.png
INFO  [a09_clean]                 ImageUtil 152  | Converting max RGB to gray
INFO  [a09_clean]            StepMonitoring 98   | BINARY
INFO  [a09_clean]            StepMonitoring 98   | SCALE
INFO  [a09_clean]              ScaleBuilder 254  | Beam  guessed height:  8 -- 0.25 of [6..13] range
INFO  [a09_clean]              ScaleBuilder 271  | Beam measured height: 12 -- 0.86 of [6..13] range at 132% of needed quorum
INFO  [a09_clean]              ScaleBuilder 401  | Normalized black jitter: 14.29 %
INFO  [a09_clean]                 ScaleStep 65   | Scale{ interline(14,14,15) line(1,2,3) beam(12)}
INFO  [a09_clean]            StepMonitoring 98   | GRID
INFO  [a09_clean]            LinesRetriever 1508 | Global slope: 0.00000
INFO  [a09_clean]         ClustersRetriever 326  | Retrieved raw line clusters: 6 of sizes [5] with interline(14,14,15)
INFO  [a09_clean]                 PeakGraph 310  | Systems: #1[1] #2[2] #3[3] #4[4] #5[5] #6[6]
INFO  [a09_clean]             SystemManager 134  | Indentation detected for system #1
INFO  [a09_clean]             SystemManager 800  | 1 part along 6 systems
INFO  [a09_clean]                      Book 543  | Created scores: [{Score 1}]
INFO  [a09_clean]            StepMonitoring 98   | HEADERS
INFO  [a09_clean]            StepMonitoring 98   | STEM_SEEDS
INFO  [a09_clean]             StemSeedsStep 86   | stem(3 max:4)
INFO  [a09_clean]            StepMonitoring 98   | BEAMS
INFO  [a09_clean]            StepMonitoring 98   | LEDGERS
INFO  [a09_clean]            StepMonitoring 98   | HEADS
INFO  [a09_clean]             HeadSeedTally 235  | Scale information: HeadSeeds{NOTEHEAD_VOID[L:0.9] NOTEHEAD_BLACK[L:1.4,R:1.4]}
INFO  [a09_clean]            StepMonitoring 98   | STEMS
INFO  [a09_clean]            StepMonitoring 98   | REDUCTION
INFO  [a09_clean]             ReductionStep 105  | Stems free length median value: 50 pixels, 3.6 interlines
INFO  [a09_clean]            StepMonitoring 98   | CUE_BEAMS
INFO  [a09_clean]              CueBeamsStep 81   | Step CUE_BEAMS is skipped because small heads switch is off
INFO  [a09_clean]            StepMonitoring 98   | TEXTS
Estimating resolution as 268
INFO  [a09_clean]            StepMonitoring 98   | MEASURES
INFO  [a09_clean]                      Page 307  | 35 raw measures: [5 in system#1, 6 in system#2, 5 in system#3, 6 in system#4, 6 in system#5, 7 in system#6]
INFO  [a09_clean]            StepMonitoring 98   | CHORDS
INFO  [a09_clean]            StepMonitoring 98   | CURVES
INFO  [a09_clean]              SlursBuilder 240  | Slurs: 10
INFO  [a09_clean]           SegmentsBuilder 155  | Segments: 8
INFO  [a09_clean]            StepMonitoring 98   | SYMBOLS
INFO  [a09_clean]            StepMonitoring 98   | LINKS
INFO  [a09_clean]             SymbolsLinker 258  | No chord linked to OctaveShiftInter#3820{(0.139) staff:2 OTTAVA BASSA} at java.awt.Point[x=371,y=472]
INFO  [a09_clean]             SymbolsLinker 258  | No chord linked to OctaveShiftInter#3962{(0.139) staff:3 OTTAVA ALTA} at java.awt.Point[x=371,y=472]
INFO  [a09_clean]             SymbolsLinker 258  | No chord linked to OctaveShiftInter#3989{(0.139) staff:3 OTTAVA BASSA} at java.awt.Point[x=600,y=651]
INFO  [a09_clean]             SymbolsLinker 258  | No chord linked to OctaveShiftInter#4147{(0.139) staff:3 OTTAVA BASSA} at java.awt.Point[x=1509,y=651]
INFO  [a09_clean]             SymbolsLinker 258  | No chord linked to OctaveShiftInter#4184{(0.139) staff:4 OTTAVA BASSA} at java.awt.Point[x=247,y=829]
INFO  [a09_clean]             SymbolsLinker 258  | No chord linked to OctaveShiftInter#4260{(0.139) staff:4 OTTAVA BASSA} at java.awt.Point[x=1070,y=829]
INFO  [a09_clean]             SymbolsLinker 258  | No chord linked to OctaveShiftInter#4271{(0.176) staff:4 QUINDICESIMA ALTA} at java.awt.Point[x=1060,y=644]
INFO  [a09_clean]             SymbolsLinker 258  | No chord linked to OctaveShiftInter#4319{(0.139) staff:4 OTTAVA ALTA} at java.awt.Point[x=1509,y=651]
INFO  [a09_clean]             SymbolsLinker 258  | No chord linked to OctaveShiftInter#4345{(0.139) staff:5 OTTAVA ALTA} at java.awt.Point[x=247,y=829]
INFO  [a09_clean]             SymbolsLinker 258  | No chord linked to OctaveShiftInter#4431{(0.328) staff:5 QUINDICESIMA ALTA} at java.awt.Point[x=796,y=822]
INFO  [a09_clean]             SymbolsLinker 258  | No chord linked to OctaveShiftInter#4485{(0.176) staff:5 QUINDICESIMA ALTA} at java.awt.Point[x=1311,y=822]
INFO  [a09_clean]            StepMonitoring 98   | RHYTHMS
INFO  [a09_clean]             MeasureRhythm 1044 | Measure{#31} No timeOffset for HeadChordInter#2849{(0.944/0.944) staff:6 slot#4 dur:1/4}
INFO  [a09_clean]               StackRhythm 224  | S6 MeasureStack#31 no correct rhythm
INFO  [a09_clean]            StepMonitoring 98   | PAGE
INFO  [a09_clean]            SheetReduction 154  | Gutter. Different glyphs 1/2 DynamicsInter#3725{(0.288/0.576) DYNAMICS_FF} vs ChordNameInter#2575{(0.745/0.745) staff:2 TEXT "G7" font:S-32 root:G ChordKind{DOMINANT '7'}}
INFO  [a09_clean]            SheetReduction 154  | Gutter. Different glyphs 1/2 DynamicsInter#3749{(0.288/0.576) DYNAMICS_FF} vs ChordNameInter#2579{(0.745/0.745) staff:2 TEXT "G7" font:S-32 root:G ChordKind{DOMINANT '7'}}
INFO  [a09_clean]            SheetReduction 154  | Gutter. Different glyphs 2/3 DynamicsInter#3829{(0.288/0.573) DYNAMICS_FF} vs OrnamentInter#4008{(0.576/0.609) TR}
INFO  [a09_clean]            SheetReduction 154  | Gutter. Different glyphs 3/4 DynamicsInter#4051{(0.332/0.624) DYNAMICS_P} vs OrnamentInter#4255{(0.643/0.689) TR}
INFO  [a09_clean]            SheetReduction 154  | Gutter. Different glyphs 3/4 DynamicsInter#4051{(0.332/0.624) DYNAMICS_P} vs SlurInter#3184{(0.327/0.805) SLUR_ABOVE}
INFO  [a09_clean]            SheetReduction 154  | Gutter. Different glyphs 4/5 DynamicsInter#4238{(0.288/0.573) DYNAMICS_FF} vs OrnamentInter#4427{(0.576/0.637) TR}
INFO  [a09_clean]            SheetReduction 154  | Gutter. Different glyphs 5/6 DynamicsInter#4411{(0.288/0.574) DYNAMICS_FF} vs OrnamentInter#4507{(0.576/0.633) TR}
INFO  [a09_clean]            SheetReduction 154  | Gutter. Different glyphs 5/6 DynamicsInter#4478{(0.288/0.569) DYNAMICS_FF} vs OrnamentInter#4520{(0.576/0.633) TR}
INFO  [a09_clean]                      Book 2584 | Book{a09_clean} storing
INFO  [a09_clean]                      Book 2565 | Stored /book.xml
INFO  [a09_clean]                DataHolder 348  | Stored /sheet#1/BINARY.png
INFO  [a09_clean]                     Sheet 1583 | Stored /sheet#1/sheet#1.xml
INFO  [a09_clean]                      Book 2525 | Book stored as /kaggle/working/out/audiveris/A/a09_clean.omr
INFO  [a09_clean]                 SheetStub 1655 | Sheet disposed
INFO  [a09_clean]                      Book 2050 | End of Stub#1
INFO  [a09_clean]                      Book 2057 | End of Book{a09_clean}
INFO  [a09_clean]                 SheetStub 1000 | Loaded /sheet#1/sheet#1.xml
INFO  [a09_clean]           PartwiseBuilder 2707 | Exporting sheet(s): [#1]
INFO  [a09_clean]                      Part 351  | Sheet#1 System#1 Part#2{name:Electric Piano staves[1] configs:[5]} dummyPart id: 1
INFO  [a09_clean]                      Part 351  | Sheet#1 System#2 Part#1{name:E.Pno staves[2] configs:[5]} dummyPart id: 2
INFO  [a09_clean]                      Part 351  | Sheet#1 System#3 Part#1{name:E.Pno staves[3] configs:[5]} dummyPart id: 2
INFO  [a09_clean]                      Part 351  | Sheet#1 System#4 Part#1{name:E.Pno staves[4] configs:[5]} dummyPart id: 2
INFO  [a09_clean]                      Part 351  | Sheet#1 System#5 Part#1{name:E.Pno staves[5] configs:[5]} dummyPart id: 2
INFO  [a09_clean]                      Part 351  | Sheet#1 System#6 Part#1{name:E.Pno staves[6] configs:[5]} dummyPart id: 2
INFO  [a09_clean]             ScoreExporter 164  | Score a09_clean exported to /kaggle/working/out/audiveris/A/a09_clean.mxl
INFO  [a09_clean]                     Score 181  | Closing {Score 1}
