INFO  []                      Main 259  | Running in batch mode
INFO  []                 Languages 138  | Installed OCR languages: eng,kor
INFO  []             AliasPatterns 146  | Alias patterns: [(IMSLP[0-9]*)-.*]
INFO  []                      Main 194  | Submitting 1 task(s) in sequence:
    Input "/tmp/aud_in/a11_lowres.png"
INFO  [a11_lowres]                      Book 560  | 1 sheet in /tmp/aud_in/a11_lowres.png
INFO  []                      Book 2565 | Stored /book.xml
INFO  []                      Book 2525 | Book stored as /kaggle/working/out/audiveris/A/a11_lowres.omr
INFO  []                      Book 1929 | Book reaching PAGE on sheets:[#1]
INFO  [a11_lowres]            StepMonitoring 98   | LOAD
INFO  [a11_lowres]                 SheetStub 1278 | Loaded image #1 1800x2546 from /tmp/aud_in/a11_lowres.png
INFO  [a11_lowres]                 ImageUtil 152  | Converting max RGB to gray
INFO  [a11_lowres]            StepMonitoring 98   | BINARY
INFO  [a11_lowres]            StepMonitoring 98   | SCALE
INFO  [a11_lowres]              ScaleBuilder 254  | Beam  guessed height:  9 -- 0.25 of [7..14] range
INFO  [a11_lowres]              ScaleBuilder 271  | Beam measured height: 10 -- 0.43 of [7..14] range at 114% of needed quorum
INFO  [a11_lowres]              ScaleBuilder 401  | Normalized black jitter: 20.00 %
INFO  [a11_lowres]                 ScaleStep 65   | Scale{ interline(14,15,16) line(2,3,5) beam(10)}
INFO  [a11_lowres]            StepMonitoring 98   | GRID
INFO  [a11_lowres]            LinesRetriever 1508 | Global slope: 0.00000
INFO  [a11_lowres]         ClustersRetriever 326  | Retrieved raw line clusters: 6 of sizes [5] with interline(14,15,16)
INFO  [a11_lowres]                 PeakGraph 310  | Systems: #1[1] #2[2] #3[3] #4[4] #5[5] #6[6]
INFO  [a11_lowres]             SystemManager 134  | Indentation detected for system #1
INFO  [a11_lowres]             SystemManager 800  | 1 part along 6 systems
INFO  [a11_lowres]                      Book 543  | Created scores: [{Score 1}]
INFO  [a11_lowres]            StepMonitoring 98   | HEADERS
INFO  [a11_lowres]            StepMonitoring 98   | STEM_SEEDS
INFO  [a11_lowres]             StemSeedsStep 86   | stem(5 max:6)
INFO  [a11_lowres]            StepMonitoring 98   | BEAMS
INFO  [a11_lowres]            StepMonitoring 98   | LEDGERS
INFO  [a11_lowres]            StepMonitoring 98   | HEADS
INFO  [a11_lowres]             HeadSeedTally 235  | Scale information: HeadSeeds{NOTEHEAD_VOID[L:-0.9,R:-0.6] NOTEHEAD_BLACK[L:-0.8,R:-0.6]}
INFO  [a11_lowres]            StepMonitoring 98   | STEMS
INFO  [a11_lowres]            StepMonitoring 98   | REDUCTION
INFO  [a11_lowres]             ReductionStep 105  | Stems free length median value: 54 pixels, 3.6 interlines
INFO  [a11_lowres]            StepMonitoring 98   | CUE_BEAMS
INFO  [a11_lowres]              CueBeamsStep 81   | Step CUE_BEAMS is skipped because small heads switch is off
INFO  [a11_lowres]            StepMonitoring 98   | TEXTS
Estimating resolution as 317
INFO  [a11_lowres]            StepMonitoring 98   | MEASURES
INFO  [a11_lowres]                      Page 307  | 33 raw measures: [5 in system#1, 6 in system#2, 6 in system#3, 6 in system#4, 7 in system#5, 3 in system#6]
INFO  [a11_lowres]            StepMonitoring 98   | CHORDS
INFO  [a11_lowres]            StepMonitoring 98   | CURVES
INFO  [a11_lowres]              SlursBuilder 240  | Slurs: 2
INFO  [a11_lowres]           SegmentsBuilder 155  | Segments: 2
INFO  [a11_lowres]            StepMonitoring 98   | SYMBOLS
INFO  [a11_lowres]            StepMonitoring 98   | LINKS
INFO  [a11_lowres]            StepMonitoring 98   | RHYTHMS
INFO  [a11_lowres]            StepMonitoring 98   | PAGE
INFO  [a11_lowres]            SheetReduction 154  | Gutter. Different glyphs 3/4 LyricItemInter#4228{(0.930/0.950) staff:3 LYRICS "h!" font:BS-37 Syllable} vs DynamicsInter#4942{(0.609/0.839) DYNAMICS_P}
INFO  [a11_lowres]            SheetReduction 154  | Gutter. Different glyphs 4/5 LyricItemInter#4345{(0.887/0.920) staff:4 LYRICS "h!What" font:BS-34 Syllable} vs DynamicsInter#4954{(0.375/0.669) DYNAMICS_P}
INFO  [a11_lowres]                      Book 2584 | Book{a11_lowres} storing
INFO  [a11_lowres]                      Book 2565 | Stored /book.xml
INFO  [a11_lowres]                DataHolder 348  | Stored /sheet#1/BINARY.png
INFO  [a11_lowres]                     Sheet 1583 | Stored /sheet#1/sheet#1.xml
INFO  [a11_lowres]                      Book 2525 | Book stored as /kaggle/working/out/audiveris/A/a11_lowres.omr
INFO  [a11_lowres]                 SheetStub 1655 | Sheet disposed
INFO  [a11_lowres]                      Book 2050 | End of Stub#1
INFO  [a11_lowres]                      Book 2057 | End of Book{a11_lowres}
INFO  [a11_lowres]                 SheetStub 1000 | Loaded /sheet#1/sheet#1.xml
INFO  [a11_lowres]           PartwiseBuilder 2707 | Exporting sheet(s): [#1]
INFO  [a11_lowres]             ScoreExporter 164  | Score a11_lowres exported to /kaggle/working/out/audiveris/A/a11_lowres.mxl
INFO  [a11_lowres]                     Score 181  | Closing {Score 1}
