INFO  []                      Main 259  | Running in batch mode
INFO  []                 Languages 138  | Installed OCR languages: eng,kor
INFO  []             AliasPatterns 146  | Alias patterns: [(IMSLP[0-9]*)-.*]
INFO  []                      Main 194  | Submitting 1 task(s) in sequence:
    Input "/tmp/aud_in/a15_clean.png"
INFO  [a15_clean]                      Book 560  | 1 sheet in /tmp/aud_in/a15_clean.png
INFO  []                      Book 2565 | Stored /book.xml
INFO  []                      Book 2525 | Book stored as /kaggle/working/out/audiveris/A/a15_clean.omr
INFO  []                      Book 1929 | Book reaching PAGE on sheets:[#1]
INFO  [a15_clean]            StepMonitoring 98   | LOAD
INFO  [a15_clean]                 SheetStub 1278 | Loaded image #1 1650x2334 from /tmp/aud_in/a15_clean.png
INFO  [a15_clean]                 ImageUtil 152  | Converting max RGB to gray
INFO  [a15_clean]            StepMonitoring 98   | BINARY
INFO  [a15_clean]            StepMonitoring 98   | SCALE
INFO  [a15_clean]              ScaleBuilder 254  | Beam  guessed height:  8 -- 0.25 of [6..13] range
INFO  [a15_clean]              ScaleBuilder 271  | Beam measured height:  8 -- 0.29 of [6..13] range at 352% of needed quorum
INFO  [a15_clean]              ScaleBuilder 401  | Normalized black jitter: 14.29 %
INFO  [a15_clean]                 ScaleStep 65   | Scale{ interline(14,14,15) line(1,2,3) beam(8)}
INFO  [a15_clean]            StepMonitoring 98   | GRID
INFO  [a15_clean]            LinesRetriever 1508 | Global slope: 0.00000
INFO  [a15_clean]         ClustersRetriever 326  | Retrieved raw line clusters: 6 of sizes [5] with interline(14,14,15)
INFO  [a15_clean]                 PeakGraph 310  | Systems: #1[1] #2[2] #3[3] #4[4] #5[5] #6[6]
INFO  [a15_clean]             SystemManager 800  | 1 part along 6 systems
INFO  [a15_clean]                      Book 543  | Created scores: [{Score 1}]
INFO  [a15_clean]            StepMonitoring 98   | HEADERS
INFO  [a15_clean]            StepMonitoring 98   | STEM_SEEDS
INFO  [a15_clean]             StemSeedsStep 86   | stem(3 max:4)
INFO  [a15_clean]            StepMonitoring 98   | BEAMS
INFO  [a15_clean]            StepMonitoring 98   | LEDGERS
INFO  [a15_clean]            StepMonitoring 98   | HEADS
INFO  [a15_clean]             HeadSeedTally 235  | Scale information: HeadSeeds{NOTEHEAD_BLACK[R:-0.1]}
INFO  [a15_clean]            StepMonitoring 98   | STEMS
INFO  [a15_clean]            StepMonitoring 98   | REDUCTION
INFO  [a15_clean]             ReductionStep 105  | Stems free length median value: 50 pixels, 3.6 interlines
INFO  [a15_clean]            StepMonitoring 98   | CUE_BEAMS
INFO  [a15_clean]              CueBeamsStep 81   | Step CUE_BEAMS is skipped because small heads switch is off
INFO  [a15_clean]            StepMonitoring 98   | TEXTS
Estimating resolution as 268
INFO  [a15_clean]            StepMonitoring 98   | MEASURES
INFO  [a15_clean]                      Page 307  | 27 raw measures: [4 in system#1, 4 in system#2, 5 in system#3, 5 in system#4, 4 in system#5, 5 in system#6]
INFO  [a15_clean]            StepMonitoring 98   | CHORDS
INFO  [a15_clean]            StepMonitoring 98   | CURVES
INFO  [a15_clean]              SlursBuilder 240  | Slurs: 10
INFO  [a15_clean]           SegmentsBuilder 155  | Segments: 7
INFO  [a15_clean]            StepMonitoring 98   | SYMBOLS
INFO  [a15_clean]            StepMonitoring 98   | LINKS
INFO  [a15_clean]             SymbolsLinker 258  | No chord linked to OctaveShiftInter#4538{(0.544) staff:2 OTTAVA BASSA} at java.awt.Point[x=125,y=508]
INFO  [a15_clean]             SymbolsLinker 258  | No chord linked to OctaveShiftInter#4559{(0.544) staff:3 OTTAVA ALTA} at java.awt.Point[x=125,y=508]
INFO  [a15_clean]             SymbolsLinker 258  | No chord linked to OctaveShiftInter#4582{(0.535) staff:4 OTTAVA BASSA} at java.awt.Point[x=131,y=983]
INFO  [a15_clean]             SymbolsLinker 258  | No chord linked to OctaveShiftInter#4602{(0.535) staff:5 OTTAVA ALTA} at java.awt.Point[x=131,y=983]
INFO  [a15_clean]            StepMonitoring 98   | RHYTHMS
INFO  [a15_clean]            StepMonitoring 98   | PAGE
INFO  [a15_clean]                      Book 2584 | Book{a15_clean} storing
INFO  [a15_clean]                      Book 2565 | Stored /book.xml
INFO  [a15_clean]                DataHolder 348  | Stored /sheet#1/BINARY.png
INFO  [a15_clean]                     Sheet 1583 | Stored /sheet#1/sheet#1.xml
INFO  [a15_clean]                      Book 2525 | Book stored as /kaggle/working/out/audiveris/A/a15_clean.omr
INFO  [a15_clean]                 SheetStub 1655 | Sheet disposed
INFO  [a15_clean]                      Book 2050 | End of Stub#1
INFO  [a15_clean]                      Book 2057 | End of Book{a15_clean}
INFO  [a15_clean]                 SheetStub 1000 | Loaded /sheet#1/sheet#1.xml
INFO  [a15_clean]           PartwiseBuilder 2707 | Exporting sheet(s): [#1]
INFO  [a15_clean]                      Part 351  | Sheet#1 System#1 Part#2{name:Piano staves[1] configs:[5]} dummyPart id: 1
INFO  [a15_clean]                      Part 351  | Sheet#1 System#2 Part#1{name:Pno. staves[2] configs:[5]} dummyPart id: 2
INFO  [a15_clean]                      Part 351  | Sheet#1 System#3 Part#1{name:Pno. staves[3] configs:[5]} dummyPart id: 2
INFO  [a15_clean]                      Part 351  | Sheet#1 System#4 Part#1{name:Pno. staves[4] configs:[5]} dummyPart id: 2
INFO  [a15_clean]                      Part 351  | Sheet#1 System#5 Part#1{name:Pno. staves[5] configs:[5]} dummyPart id: 2
INFO  [a15_clean]                      Part 351  | Sheet#1 System#6 Part#1{name:Pno. staves[6] configs:[5]} dummyPart id: 2
INFO  [a15_clean]             ScoreExporter 164  | Score a15_clean exported to /kaggle/working/out/audiveris/A/a15_clean.mxl
INFO  [a15_clean]                     Score 181  | Closing {Score 1}
