INFO  []                      Main 259  | Running in batch mode
INFO  []                 Languages 138  | Installed OCR languages: eng,kor
INFO  []             AliasPatterns 146  | Alias patterns: [(IMSLP[0-9]*)-.*]
INFO  []                      Main 194  | Submitting 1 task(s) in sequence:
    Input "/tmp/aud_in/a16_clean.png"
INFO  [a16_clean]                      Book 560  | 1 sheet in /tmp/aud_in/a16_clean.png
INFO  []                      Book 2565 | Stored /book.xml
INFO  []                      Book 2525 | Book stored as /kaggle/working/out/audiveris/A/a16_clean.omr
INFO  []                      Book 1929 | Book reaching PAGE on sheets:[#1]
INFO  [a16_clean]            StepMonitoring 98   | LOAD
INFO  [a16_clean]                 SheetStub 1278 | Loaded image #1 1650x2334 from /tmp/aud_in/a16_clean.png
INFO  [a16_clean]                 ImageUtil 152  | Converting max RGB to gray
INFO  [a16_clean]            StepMonitoring 98   | BINARY
INFO  [a16_clean]            StepMonitoring 98   | SCALE
INFO  [a16_clean]              ScaleBuilder 254  | Beam  guessed height:  8 -- 0.25 of [6..13] range
INFO  [a16_clean]              ScaleBuilder 271  | Beam measured height: 12 -- 0.86 of [6..13] range at 75% of needed quorum
WARN  [a16_clean]              ScaleBuilder 300  | No reliable beam height found, guessed value: 8
INFO  [a16_clean]              ScaleBuilder 401  | Normalized black jitter: 14.29 %
INFO  [a16_clean]                 ScaleStep 65   | Scale{ interline(14,14,15) line(1,2,3) beam(8 extra)}
INFO  [a16_clean]            StepMonitoring 98   | GRID
INFO  [a16_clean]            LinesRetriever 1508 | Global slope: 0.00000
INFO  [a16_clean]         ClustersRetriever 326  | Retrieved raw line clusters: 5 of sizes [5] with interline(14,14,15)
INFO  [a16_clean]                 PeakGraph 310  | Systems: #1[1] #2[2] #3[3] #4[4] #5[5]
INFO  [a16_clean]             SystemManager 134  | Indentation detected for system #1
INFO  [a16_clean]             SystemManager 800  | 1 part along 5 systems
INFO  [a16_clean]                      Book 543  | Created scores: [{Score 1}]
INFO  [a16_clean]            StepMonitoring 98   | HEADERS
INFO  [a16_clean]            StepMonitoring 98   | STEM_SEEDS
INFO  [a16_clean]             StemSeedsStep 86   | stem(3 max:4)
INFO  [a16_clean]            StepMonitoring 98   | BEAMS
INFO  [a16_clean]            StepMonitoring 98   | LEDGERS
INFO  [a16_clean]            StepMonitoring 98   | HEADS
INFO  [a16_clean]             HeadSeedTally 235  | Scale information: HeadSeeds{NOTEHEAD_VOID[L:0.1,R:0.5] NOTEHEAD_BLACK[L:0.5]}
INFO  [a16_clean]            StepMonitoring 98   | STEMS
INFO  [a16_clean]            StepMonitoring 98   | REDUCTION
INFO  [a16_clean]             ReductionStep 105  | Stems free length median value: 50 pixels, 3.6 interlines
INFO  [a16_clean]            StepMonitoring 98   | CUE_BEAMS
INFO  [a16_clean]              CueBeamsStep 81   | Step CUE_BEAMS is skipped because small heads switch is off
INFO  [a16_clean]            StepMonitoring 98   | TEXTS
Estimating resolution as 271
INFO  [a16_clean]            StepMonitoring 98   | MEASURES
INFO  [a16_clean]                      Page 307  | 32 raw measures: [6 in system#1, 7 in system#2, 8 in system#3, 7 in system#4, 4 in system#5]
INFO  [a16_clean]            StepMonitoring 98   | CHORDS
INFO  [a16_clean]            StepMonitoring 98   | CURVES
INFO  [a16_clean]              SlursBuilder 240  | Slurs: 14
INFO  [a16_clean]           SegmentsBuilder 155  | Segments: 0
INFO  [a16_clean]            StepMonitoring 98   | SYMBOLS
INFO  [a16_clean]            StepMonitoring 98   | LINKS
INFO  [a16_clean]             SymbolsLinker 258  | No chord linked to OctaveShiftInter#2605{(0.131) staff:2 QUINDICESIMA BASSA} at java.awt.Point[x=558,y=423]
INFO  [a16_clean]             SymbolsLinker 258  | No chord linked to OctaveShiftInter#2628{(0.131) staff:3 QUINDICESIMA ALTA} at java.awt.Point[x=558,y=423]
INFO  [a16_clean]            StepMonitoring 98   | RHYTHMS
INFO  [a16_clean]            StepMonitoring 98   | PAGE
INFO  [a16_clean]                      Book 2584 | Book{a16_clean} storing
INFO  [a16_clean]                      Book 2565 | Stored /book.xml
INFO  [a16_clean]                DataHolder 348  | Stored /sheet#1/BINARY.png
INFO  [a16_clean]                     Sheet 1583 | Stored /sheet#1/sheet#1.xml
INFO  [a16_clean]                      Book 2525 | Book stored as /kaggle/working/out/audiveris/A/a16_clean.omr
INFO  [a16_clean]                 SheetStub 1655 | Sheet disposed
INFO  [a16_clean]                      Book 2050 | End of Stub#1
INFO  [a16_clean]                      Book 2057 | End of Book{a16_clean}
INFO  [a16_clean]                 SheetStub 1000 | Loaded /sheet#1/sheet#1.xml
INFO  [a16_clean]           PartwiseBuilder 2707 | Exporting sheet(s): [#1]
INFO  [a16_clean]                      Part 351  | Sheet#1 System#1 Part#2{name:Voice staves[1] configs:[5]} dummyPart id: 1
INFO  [a16_clean]                      Part 351  | Sheet#1 System#2 Part#1{name:Ch staves[2] configs:[5]} dummyPart id: 2
INFO  [a16_clean]                      Part 351  | Sheet#1 System#3 Part#1{name:Ch staves[3] configs:[5]} dummyPart id: 2
INFO  [a16_clean]                      Part 351  | Sheet#1 System#4 Part#1{name:Ch staves[4] configs:[5]} dummyPart id: 2
INFO  [a16_clean]                      Part 351  | Sheet#1 System#5 Part#1{name:Ch staves[5] configs:[5]} dummyPart id: 2
INFO  [a16_clean]             ScoreExporter 164  | Score a16_clean exported to /kaggle/working/out/audiveris/A/a16_clean.mxl
INFO  [a16_clean]                     Score 181  | Closing {Score 1}
