INFO  []                      Main 259  | Running in batch mode
INFO  []                 Languages 138  | Installed OCR languages: eng,kor
INFO  []             AliasPatterns 146  | Alias patterns: [(IMSLP[0-9]*)-.*]
INFO  []                      Main 194  | Submitting 1 task(s) in sequence:
    Input "/tmp/aud_in/a18_clean.png"
INFO  [a18_clean]                      Book 560  | 1 sheet in /tmp/aud_in/a18_clean.png
INFO  []                      Book 2565 | Stored /book.xml
INFO  []                      Book 2525 | Book stored as /kaggle/working/out/audiveris/A/a18_clean.omr
INFO  []                      Book 1929 | Book reaching PAGE on sheets:[#1]
INFO  [a18_clean]            StepMonitoring 98   | LOAD
INFO  [a18_clean]                 SheetStub 1278 | Loaded image #1 1650x2334 from /tmp/aud_in/a18_clean.png
INFO  [a18_clean]                 ImageUtil 152  | Converting max RGB to gray
INFO  [a18_clean]            StepMonitoring 98   | BINARY
INFO  [a18_clean]            StepMonitoring 98   | SCALE
INFO  [a18_clean]              ScaleBuilder 254  | Beam  guessed height:  8 -- 0.25 of [6..13] range
INFO  [a18_clean]              ScaleBuilder 271  | Beam measured height: 12 -- 0.86 of [6..13] range at 86% of needed quorum
WARN  [a18_clean]              ScaleBuilder 300  | No reliable beam height found, guessed value: 8
INFO  [a18_clean]              ScaleBuilder 401  | Normalized black jitter: 14.29 %
INFO  [a18_clean]                 ScaleStep 65   | Scale{ interline(14,14,15) line(1,2,3) beam(8 extra)}
INFO  [a18_clean]            StepMonitoring 98   | GRID
INFO  [a18_clean]            LinesRetriever 1508 | Global slope: 0.00000
INFO  [a18_clean]         ClustersRetriever 326  | Retrieved raw line clusters: 6 of sizes [5] with interline(14,14,15)
INFO  [a18_clean]                 PeakGraph 310  | Systems: #1[1] #2[2] #3[3] #4[4] #5[5] #6[6]
INFO  [a18_clean]             SystemManager 134  | Indentation detected for system #1
INFO  [a18_clean]             SystemManager 800  | 1 part along 6 systems
INFO  [a18_clean]                      Book 543  | Created scores: [{Score 1}]
INFO  [a18_clean]            StepMonitoring 98   | HEADERS
INFO  [a18_clean]            StepMonitoring 98   | STEM_SEEDS
INFO  [a18_clean]             StemSeedsStep 86   | stem(3 max:4)
INFO  [a18_clean]            StepMonitoring 98   | BEAMS
INFO  [a18_clean]            StepMonitoring 98   | LEDGERS
INFO  [a18_clean]            StepMonitoring 98   | HEADS
INFO  [a18_clean]             HeadSeedTally 235  | Scale information: HeadSeeds{NOTEHEAD_VOID[R:0.8] NOTEHEAD_BLACK[L:0.5,R:0.9]}
INFO  [a18_clean]            StepMonitoring 98   | STEMS
INFO  [a18_clean]            StepMonitoring 98   | REDUCTION
INFO  [a18_clean]             ReductionStep 105  | Stems free length median value: 50 pixels, 3.6 interlines
INFO  [a18_clean]            StepMonitoring 98   | CUE_BEAMS
INFO  [a18_clean]              CueBeamsStep 81   | Step CUE_BEAMS is skipped because small heads switch is off
INFO  [a18_clean]            StepMonitoring 98   | TEXTS
Estimating resolution as 271
INFO  [a18_clean]            StepMonitoring 98   | MEASURES
INFO  [a18_clean]                      Page 307  | 33 raw measures: [5 in system#1, 7 in system#2, 6 in system#3, 5 in system#4, 6 in system#5, 4 in system#6]
INFO  [a18_clean]            StepMonitoring 98   | CHORDS
INFO  [a18_clean]            StepMonitoring 98   | CURVES
INFO  [a18_clean]              SlursBuilder 240  | Slurs: 6
INFO  [a18_clean]           SegmentsBuilder 155  | Segments: 3
INFO  [a18_clean]            StepMonitoring 98   | SYMBOLS
INFO  [a18_clean]            StepMonitoring 98   | LINKS
INFO  [a18_clean]            StepMonitoring 98   | RHYTHMS
INFO  [a18_clean]             MeasureRhythm 1044 | Measure{#19} No timeOffset for HeadChordInter#3102{(0.656/0.656) staff:4 slot#4 dur:1/2}
INFO  [a18_clean]        AbstractChordInter 635  | Measure{#19} No timeOffset for HeadChordInter#3102{(0.656/0.656) staff:4 slot#4 dur:1/2}
INFO  [a18_clean]        AbstractChordInter 635  | Measure{#19} No timeOffset for HeadChordInter#3103{(0.938/0.938) staff:4 slot#5 dur:1/4}
INFO  [a18_clean]        AbstractChordInter 635  | Measure{#19} No timeOffset for HeadChordInter#3104{(0.931/0.931) staff:4 slot#6 dur:1/4}
INFO  [a18_clean]        AbstractChordInter 635  | Measure{#19} No timeOffset for HeadChordInter#3105{(0.937/0.937) staff:4 slot#7 dur:1/4}
INFO  [a18_clean]               StackRhythm 224  | S4 MeasureStack#19 no correct rhythm
INFO  [a18_clean]            StepMonitoring 98   | PAGE
INFO  [a18_clean]            SheetReduction 154  | Gutter. Different glyphs 1/2 DynamicsInter#3261{(0.355/0.648) DYNAMICS_FF} vs ChordNameInter#2506{(0.797/0.797) staff:2 TEXT "C7" font:S-32 root:C ChordKind{DOMINANT '7'}}
INFO  [a18_clean]            SheetReduction 154  | Gutter. Different glyphs 2/3 DynamicsInter#3291{(0.355/0.645) DYNAMICS_FF} vs ChordNameInter#2635{(0.797/0.797) staff:3 TEXT "C7" font:S-32 root:C ChordKind{DOMINANT '7'}}
INFO  [a18_clean]            SheetReduction 154  | Gutter. Different glyphs 3/4 DynamicsInter#3328{(0.355/0.647) DYNAMICS_FF} vs ChordNameInter#2775{(0.797/0.797) staff:4 TEXT "C7" font:S-32 root:C ChordKind{DOMINANT '7'}}
INFO  [a18_clean]            SheetReduction 154  | Gutter. Different glyphs 3/4 DynamicsInter#3334{(0.288/0.575) DYNAMICS_FF} vs ChordNameInter#2778{(0.745/0.745) staff:4 TEXT "G7" font:S-32 root:G ChordKind{DOMINANT '7'}}
INFO  [a18_clean]            SheetReduction 154  | Gutter. Different glyphs 3/4 DynamicsInter#3339{(0.355/0.649) DYNAMICS_FF} vs ChordNameInter#2780{(0.797/0.797) staff:4 TEXT "C7" font:S-32 root:C ChordKind{DOMINANT '7'}}
INFO  [a18_clean]            SheetReduction 154  | Gutter. Different glyphs 4/5 DynamicsInter#3360{(0.355/0.648) DYNAMICS_FF} vs ChordNameInter#2927{(0.797/0.797) staff:5 TEXT "C7" font:S-32 root:C ChordKind{DOMINANT '7'}}
INFO  [a18_clean]                      Book 2584 | Book{a18_clean} storing
INFO  [a18_clean]                      Book 2565 | Stored /book.xml
INFO  [a18_clean]                DataHolder 348  | Stored /sheet#1/BINARY.png
INFO  [a18_clean]                     Sheet 1583 | Stored /sheet#1/sheet#1.xml
INFO  [a18_clean]                      Book 2525 | Book stored as /kaggle/working/out/audiveris/A/a18_clean.omr
INFO  [a18_clean]                 SheetStub 1655 | Sheet disposed
INFO  [a18_clean]                      Book 2050 | End of Stub#1
INFO  [a18_clean]                      Book 2057 | End of Book{a18_clean}
INFO  [a18_clean]                 SheetStub 1000 | Loaded /sheet#1/sheet#1.xml
INFO  [a18_clean]           PartwiseBuilder 2707 | Exporting sheet(s): [#1]
INFO  [a18_clean]                      Part 351  | Sheet#1 System#1 Part#2{name:Voice staves[1] configs:[5]} dummyPart id: 1
INFO  [a18_clean]                      Part 351  | Sheet#1 System#2 Part#1{name:Ch staves[2] configs:[5]} dummyPart id: 2
INFO  [a18_clean]                      Part 351  | Sheet#1 System#3 Part#1{name:Ch staves[3] configs:[5]} dummyPart id: 2
INFO  [a18_clean]                      Part 351  | Sheet#1 System#4 Part#1{name:Ch staves[4] configs:[5]} dummyPart id: 2
INFO  [a18_clean]                      Part 351  | Sheet#1 System#5 Part#1{name:Ch staves[5] configs:[5]} dummyPart id: 2
INFO  [a18_clean]                      Part 351  | Sheet#1 System#6 Part#1{name:Ch staves[6] configs:[5]} dummyPart id: 2
INFO  [a18_clean]             ScoreExporter 164  | Score a18_clean exported to /kaggle/working/out/audiveris/A/a18_clean.mxl
INFO  [a18_clean]                     Score 181  | Closing {Score 1}
