INFO  []                      Main 259  | Running in batch mode
INFO  []                 Languages 138  | Installed OCR languages: eng,kor
INFO  []             AliasPatterns 146  | Alias patterns: [(IMSLP[0-9]*)-.*]
INFO  []                      Main 194  | Submitting 1 task(s) in sequence:
    Input "/tmp/aud_in/a19_lowres.png"
INFO  [a19_lowres]                      Book 560  | 1 sheet in /tmp/aud_in/a19_lowres.png
INFO  []                      Book 2565 | Stored /book.xml
INFO  []                      Book 2525 | Book stored as /kaggle/working/out/audiveris/A/a19_lowres.omr
INFO  []                      Book 1929 | Book reaching PAGE on sheets:[#1]
INFO  [a19_lowres]            StepMonitoring 98   | LOAD
INFO  [a19_lowres]                 SheetStub 1278 | Loaded image #1 1800x2546 from /tmp/aud_in/a19_lowres.png
INFO  [a19_lowres]                 ImageUtil 152  | Converting max RGB to gray
INFO  [a19_lowres]            StepMonitoring 98   | BINARY
INFO  [a19_lowres]            StepMonitoring 98   | SCALE
INFO  [a19_lowres]              ScaleBuilder 254  | Beam  guessed height:  9 -- 0.25 of [7..14] range
INFO  [a19_lowres]              ScaleBuilder 271  | Beam measured height: 10 -- 0.43 of [7..14] range at 187% of needed quorum
INFO  [a19_lowres]              ScaleBuilder 401  | Normalized black jitter: 20.00 %
INFO  [a19_lowres]                 ScaleStep 65   | Scale{ interline(14,15,16) line(2,3,5) beam(10)}
INFO  [a19_lowres]            StepMonitoring 98   | GRID
INFO  [a19_lowres]            LinesRetriever 1508 | Global slope: 0.00000
INFO  [a19_lowres]         ClustersRetriever 326  | Retrieved raw line clusters: 4 of sizes [5] with interline(14,15,16)
INFO  [a19_lowres]                 PeakGraph 310  | Systems: #1[1] #2[2] #3[3] #4[4]
INFO  [a19_lowres]             SystemManager 134  | Indentation detected for system #1
INFO  [a19_lowres]             SystemManager 800  | 1 part along 4 systems
INFO  [a19_lowres]                      Book 543  | Created scores: [{Score 1}]
INFO  [a19_lowres]            StepMonitoring 98   | HEADERS
INFO  [a19_lowres]            StepMonitoring 98   | STEM_SEEDS
INFO  [a19_lowres]             StemSeedsStep 86   | stem(5 max:6)
INFO  [a19_lowres]            StepMonitoring 98   | BEAMS
INFO  [a19_lowres]            StepMonitoring 98   | LEDGERS
INFO  [a19_lowres]            StepMonitoring 98   | HEADS
INFO  [a19_lowres]             HeadSeedTally 235  | Scale information: HeadSeeds{NOTEHEAD_VOID[L:-1.0,R:-0.6] NOTEHEAD_BLACK[R:-0.7]}
INFO  [a19_lowres]            StepMonitoring 98   | STEMS
INFO  [a19_lowres]            StepMonitoring 98   | REDUCTION
INFO  [a19_lowres]             ReductionStep 105  | Stems free length median value: 55 pixels, 3.7 interlines
INFO  [a19_lowres]            StepMonitoring 98   | CUE_BEAMS
INFO  [a19_lowres]              CueBeamsStep 81   | Step CUE_BEAMS is skipped because small heads switch is off
INFO  [a19_lowres]            StepMonitoring 98   | TEXTS
Estimating resolution as 315
INFO  [a19_lowres]            StepMonitoring 98   | MEASURES
INFO  [a19_lowres]                      Page 307  | 20 raw measures: [4 in system#1, 5 in system#2, 6 in system#3, 5 in system#4]
INFO  [a19_lowres]            StepMonitoring 98   | CHORDS
INFO  [a19_lowres]            StepMonitoring 98   | CURVES
INFO  [a19_lowres]              SlursBuilder 240  | Slurs: 1
INFO  [a19_lowres]           SegmentsBuilder 155  | Segments: 2
INFO  [a19_lowres]            StepMonitoring 98   | SYMBOLS
INFO  [a19_lowres]            StepMonitoring 98   | LINKS
INFO  [a19_lowres]            StepMonitoring 98   | RHYTHMS
INFO  [a19_lowres]            StepMonitoring 98   | PAGE
INFO  [a19_lowres]                      Book 2584 | Book{a19_lowres} storing
INFO  [a19_lowres]                      Book 2565 | Stored /book.xml
INFO  [a19_lowres]                DataHolder 348  | Stored /sheet#1/BINARY.png
INFO  [a19_lowres]                     Sheet 1583 | Stored /sheet#1/sheet#1.xml
INFO  [a19_lowres]                      Book 2525 | Book stored as /kaggle/working/out/audiveris/A/a19_lowres.omr
INFO  [a19_lowres]                 SheetStub 1655 | Sheet disposed
INFO  [a19_lowres]                      Book 2050 | End of Stub#1
INFO  [a19_lowres]                      Book 2057 | End of Book{a19_lowres}
INFO  [a19_lowres]                 SheetStub 1000 | Loaded /sheet#1/sheet#1.xml
INFO  [a19_lowres]           PartwiseBuilder 2707 | Exporting sheet(s): [#1]
INFO  [a19_lowres]                      Part 351  | Sheet#1 System#1 Part#2{name:Electric Piano staves[1] configs:[5]} dummyPart id: 1
INFO  [a19_lowres]                      Part 351  | Sheet#1 System#2 Part#1{name:E.Pno staves[2] configs:[5]} dummyPart id: 2
INFO  [a19_lowres]                      Part 351  | Sheet#1 System#3 Part#1{name:E.Pno staves[3] configs:[5]} dummyPart id: 2
INFO  [a19_lowres]                      Part 351  | Sheet#1 System#4 Part#1{name:E.Pno staves[4] configs:[5]} dummyPart id: 2
INFO  [a19_lowres]             ScoreExporter 164  | Score a19_lowres exported to /kaggle/working/out/audiveris/A/a19_lowres.mxl
INFO  [a19_lowres]                     Score 181  | Closing {Score 1}
